Component: ARM Compiler 5.06 update 6 (build 750) Tool: armlink [4d35ed]

==============================================================================

Section Cross References

    lcd.o(i.LCD_ClearScreen) refers to lcd.o(i.LCD_WriteCommand) for LCD_WriteCommand
    lcd.o(i.LCD_ClearScreen) refers to pll.o(i.SysTick_Wait) for SysTick_Wait
    lcd.o(i.LCD_ENPulse) refers to pll.o(i.SysTick_Wait) for SysTick_Wait
    lcd.o(i.LCD_GoTo) refers to lcd.o(i.LCD_WriteCommand) for LCD_WriteCommand
    lcd.o(i.LCD_ResetCursor) refers to lcd.o(i.LCD_WriteCommand) for LCD_WriteCommand
    lcd.o(i.LCD_WriteCommand) refers to pll.o(i.SysTick_Wait) for SysTick_Wait
    lcd.o(i.LCD_WriteCommand) refers to lcd.o(i.LCD_ENPulse) for LCD_ENPulse
    lcd.o(i.LCD_WriteData) refers to pll.o(i.SysTick_Wait) for SysTick_Wait
    lcd.o(i.LCD_WriteData) refers to lcd.o(i.LCD_ENPulse) for LCD_ENPulse
    lcd.o(i.LCD_WriteRamString) refers to lcd.o(i.LCD_WriteData) for LCD_WriteData
    lcd.o(i.LCD_init) refers to lcd.o(i.PORTA_Init) for PORTA_Init
    lcd.o(i.LCD_init) refers to lcd.o(i.PORTB_Init) for PORTB_Init
    lcd.o(i.LCD_init) refers to pll.o(i.SysTick_Wait) for SysTick_Wait
    lcd.o(i.LCD_init) refers to lcd.o(i.LCD_ENPulse) for LCD_ENPulse
    lcd.o(i.LCD_init) refers to lcd.o(i.LCD_WriteCommand) for LCD_WriteCommand
    uart.o(i.fgetc) refers to uart.o(i.UART_InChar) for UART_InChar
    uart.o(i.fgetc) refers to uart.o(i.UART_OutChar) for UART_OutChar
    uart.o(i.fputc) refers to uart.o(i.UART_OutChar) for UART_OutChar
    keypad.o(i.decodeKeyPress) refers to pll.o(i.SysTick_Wait) for SysTick_Wait
    cal.o(i.cal) refers to keypad.o(i.decodeKeyPress) for decodeKeyPress
    cal.o(i.cal) refers to pll.o(i.SysTick_Wait) for SysTick_Wait
    cal.o(i.cal) refers to ctype_o.o(.text) for __rt_ctype_table
    cal.o(i.cal) refers to lcd.o(i.LCD_WriteData) for LCD_WriteData
    cal.o(i.cal) refers to lcd.o(i.LCD_ClearScreen) for LCD_ClearScreen
    cal.o(i.cal) refers to lcd.o(i.LCD_ResetCursor) for LCD_ResetCursor
    cal.o(i.cal) refers to dflti.o(.text) for __aeabi_i2d
    cal.o(i.cal) refers to pow.o(i.__hardfp_pow) for __hardfp_pow
    cal.o(i.cal) refers to dmul.o(.text) for __aeabi_dmul
    cal.o(i.cal) refers to f2d.o(.text) for __aeabi_f2d
    cal.o(i.cal) refers to dadd.o(.text) for __aeabi_dadd
    cal.o(i.cal) refers to d2f.o(.text) for __aeabi_d2f
    cal.o(i.cal) refers to printfa.o(i.__0printf) for __2printf
    cal.o(i.cal) refers to lcd.o(i.LCD_WriteRamString) for LCD_WriteRamString
    cal.o(i.cal) refers to printfa.o(i.__0snprintf) for __2snprintf
    main.o(i.main) refers to pll.o(i.PLL_Init) for PLL_Init
    main.o(i.main) refers to pll.o(i.SysTick_Init) for SysTick_Init
    main.o(i.main) refers to uart.o(i.UART_Init) for UART_Init
    main.o(i.main) refers to lcd.o(i.LCD_init) for LCD_init
    main.o(i.main) refers to keypad.o(i.PortE_Init) for PortE_Init
    main.o(i.main) refers to keypad.o(i.PortD_Init) for PortD_Init
    main.o(i.main) refers to pll.o(i.SysTick_Wait) for SysTick_Wait
    main.o(i.main) refers to lcd.o(i.LCD_ClearScreen) for LCD_ClearScreen
    main.o(i.main) refers to lcd.o(i.LCD_WriteRamString) for LCD_WriteRamString
    main.o(i.main) refers to calculation.o(i.calculate) for calculate
    calculation.o(i.addToOutputQue) refers to calculation.o(i.isOutputQueFull) for isOutputQueFull
    calculation.o(i.addToOutputQue) refers to printfa.o(i.__0printf) for __2printf
    calculation.o(i.addToOutputQue) refers to calculation.o(.data) for endOfRPNOutputQue
    calculation.o(i.addToOutputQue) refers to calculation.o(.bss) for RPNQue
    calculation.o(i.calculate) refers to keypad.o(i.decodeKeyPress) for decodeKeyPress
    calculation.o(i.calculate) refers to lcd.o(i.LCD_WriteData) for LCD_WriteData
    calculation.o(i.calculate) refers to calculation.o(i.infixInput) for infixInput
    calculation.o(i.calculate) refers to pll.o(i.SysTick_Wait) for SysTick_Wait
    calculation.o(i.calculate) refers to calculation.o(i.convertInfixToRPN) for convertInfixToRPN
    calculation.o(i.calculate) refers to calculation.o(i.evaluateRPN) for evaluateRPN
    calculation.o(i.calculate) refers to printfa.o(i.__0snprintf) for __2snprintf
    calculation.o(i.calculate) refers to lcd.o(i.LCD_GoTo) for LCD_GoTo
    calculation.o(i.calculate) refers to lcd.o(i.LCD_WriteRamString) for LCD_WriteRamString
    calculation.o(i.calculate) refers to lcd.o(i.LCD_ClearScreen) for LCD_ClearScreen
    calculation.o(i.calculate) refers to calculation.o(i.clearAllCalculatorStacks) for clearAllCalculatorStacks
    calculation.o(i.calculate) refers to calculation.o(.data) for shiftFlag
    calculation.o(i.calculate) refers to calculation.o(.bss) for resultOutputString
    calculation.o(i.clearAllCalculatorStacks) refers to calculation.o(i.clearOperatorStack) for clearOperatorStack
[...]
    printf2.o(i.__0vprintf$2) refers to uart.o(i.fputc) for fputc
    printf2.o(i.__0vprintf$2) refers to stdout.o(.data) for __stdout
    printf2.o(i.__0vsnprintf$2) refers to printf2.o(i._printf_core) for _printf_core
    printf2.o(i.__0vsnprintf$2) refers to printf2.o(i._snputc) for _snputc
    printf2.o(i.__0vsprintf$2) refers to printf2.o(i._printf_core) for _printf_core
    printf2.o(i.__0vsprintf$2) refers to printf2.o(i._sputc) for _sputc
    printf3.o(i.__0fprintf$3) refers to printf3.o(i._printf_core) for _printf_core
    printf3.o(i.__0fprintf$3) refers to uart.o(i.fputc) for fputc
    printf3.o(i.__0printf$3) refers to printf3.o(i._printf_core) for _printf_core
    printf3.o(i.__0printf$3) refers to uart.o(i.fputc) for fputc
    printf3.o(i.__0printf$3) refers to stdout.o(.data) for __stdout
    printf3.o(i.__0snprintf$3) refers to printf3.o(i._printf_core) for _printf_core
    printf3.o(i.__0snprintf$3) refers to printf3.o(i._snputc) for _snputc
    printf3.o(i.__0sprintf$3) refers to printf3.o(i._printf_core) for _printf_core
    printf3.o(i.__0sprintf$3) refers to printf3.o(i._sputc) for _sputc
    printf3.o(i.__0vfprintf$3) refers to printf3.o(i._printf_core) for _printf_core
    printf3.o(i.__0vfprintf$3) refers to uart.o(i.fputc) for fputc
    printf3.o(i.__0vprintf$3) refers to printf3.o(i._printf_core) for _printf_core
    printf3.o(i.__0vprintf$3) refers to uart.o(i.fputc) for fputc
    printf3.o(i.__0vprintf$3) refers to stdout.o(.data) for __stdout
    printf3.o(i.__0vsnprintf$3) refers to printf3.o(i._printf_core) for _printf_core
    printf3.o(i.__0vsnprintf$3) refers to printf3.o(i._snputc) for _snputc
    printf3.o(i.__0vsprintf$3) refers to printf3.o(i._printf_core) for _printf_core
    printf3.o(i.__0vsprintf$3) refers to printf3.o(i._sputc) for _sputc
    printf3.o(i._printf_core) refers to uidiv.o(.text) for __aeabi_uidivmod
    printf4.o(i.__0fprintf$4) refers to printf4.o(i._printf_core) for _printf_core
    printf4.o(i.__0fprintf$4) refers to uart.o(i.fputc) for fputc
    printf4.o(i.__0printf$4) refers to printf4.o(i._printf_core) for _printf_core
    printf4.o(i.__0printf$4) refers to uart.o(i.fputc) for fputc
    printf4.o(i.__0printf$4) refers to stdout.o(.data) for __stdout
    printf4.o(i.__0snprintf$4) refers to printf4.o(i._printf_core) for _printf_core
    printf4.o(i.__0snprintf$4) refers to printf4.o(i._snputc) for _snputc
    printf4.o(i.__0sprintf$4) refers to printf4.o(i._printf_core) for _printf_core
    printf4.o(i.__0sprintf$4) refers to printf4.o(i._sputc) for _sputc
    printf4.o(i.__0vfprintf$4) refers to printf4.o(i._printf_core) for _printf_core
    printf4.o(i.__0vfprintf$4) refers to uart.o(i.fputc) for fputc
    printf4.o(i.__0vprintf$4) refers to printf4.o(i._printf_core) for _printf_core
    printf4.o(i.__0vprintf$4) refers to uart.o(i.fputc) for fputc
    printf4.o(i.__0vprintf$4) refers to stdout.o(.data) for __stdout
    printf4.o(i.__0vsnprintf$4) refers to printf4.o(i._printf_core) for _printf_core
    printf4.o(i.__0vsnprintf$4) refers to printf4.o(i._snputc) for _snputc
    printf4.o(i.__0vsprintf$4) refers to printf4.o(i._printf_core) for _printf_core
    printf4.o(i.__0vsprintf$4) refers to printf4.o(i._sputc) for _sputc
    printf4.o(i._printf_core) refers to uldiv.o(.text) for __aeabi_uldivmod
    printf5.o(i.__0fprintf$5) refers to printf5.o(i._printf_core) for _printf_core
    printf5.o(i.__0fprintf$5) refers to uart.o(i.fputc) for fputc
    printf5.o(i.__0printf$5) refers to printf5.o(i._printf_core) for _printf_core
    printf5.o(i.__0printf$5) refers to uart.o(i.fputc) for fputc
    printf5.o(i.__0printf$5) refers to stdout.o(.data) for __stdout
    printf5.o(i.__0snprintf$5) refers to printf5.o(i._printf_core) for _printf_core
    printf5.o(i.__0snprintf$5) refers to printf5.o(i._snputc) for _snputc
    printf5.o(i.__0sprintf$5) refers to printf5.o(i._printf_core) for _printf_core
    printf5.o(i.__0sprintf$5) refers to printf5.o(i._sputc) for _sputc
    printf5.o(i.__0vfprintf$5) refers to printf5.o(i._printf_core) for _printf_core
    printf5.o(i.__0vfprintf$5) refers to uart.o(i.fputc) for fputc
    printf5.o(i.__0vprintf$5) refers to printf5.o(i._printf_core) for _printf_core
    printf5.o(i.__0vprintf$5) refers to uart.o(i.fputc) for fputc
    printf5.o(i.__0vprintf$5) refers to stdout.o(.data) for __stdout
    printf5.o(i.__0vsnprintf$5) refers to printf5.o(i._printf_core) for _printf_core
    printf5.o(i.__0vsnprintf$5) refers to printf5.o(i._snputc) for _snputc
    printf5.o(i.__0vsprintf$5) refers to printf5.o(i._printf_core) for _printf_core
    printf5.o(i.__0vsprintf$5) refers to printf5.o(i._sputc) for _sputc
    printf5.o(i._printf_core) refers to uldiv.o(.text) for __aeabi_uldivmod
    printf6.o(i.__0fprintf$6) refers to printf6.o(i._printf_core) for _printf_core
    printf6.o(i.__0fprintf$6) refers to uart.o(i.fputc) for fputc
    printf6.o(i.__0printf$6) refers to printf6.o(i._printf_core) for _printf_core
    printf6.o(i.__0printf$6) refers to uart.o(i.fputc) for fputc
    printf6.o(i.__0printf$6) refers to stdout.o(.data) for __stdout
    printf6.o(i.__0snprintf$6) refers to printf6.o(i._printf_core) for _printf_core
    printf6.o(i.__0snprintf$6) refers to printf6.o(i._snputc) for _snputc
    printf6.o(i.__0sprintf$6) refers to printf6.o(i._printf_core) for _printf_core
    printf6.o(i.__0sprintf$6) refers to printf6.o(i._sputc) for _sputc
    printf6.o(i.__0vfprintf$6) refers to printf6.o(i._printf_core) for _printf_core
    printf6.o(i.__0vfprintf$6) refers to uart.o(i.fputc) for fputc
    printf6.o(i.__0vprintf$6) refers to printf6.o(i._printf_core) for _printf_core
    printf6.o(i.__0vprintf$6) refers to uart.o(i.fputc) for fputc
    printf6.o(i.__0vprintf$6) refers to stdout.o(.data) for __stdout
    printf6.o(i.__0vsnprintf$6) refers to printf6.o(i._printf_core) for _printf_core
    printf6.o(i.__0vsnprintf$6) refers to printf6.o(i._snputc) for _snputc
    printf6.o(i.__0vsprintf$6) refers to printf6.o(i._printf_core) for _printf_core
    printf6.o(i.__0vsprintf$6) refers to printf6.o(i._sputc) for _sputc
    printf6.o(i._printf_core) refers to printf6.o(i._printf_pre_padding) for _printf_pre_padding
    printf6.o(i._printf_core) refers to uidiv.o(.text) for __aeabi_uidivmod
    printf6.o(i._printf_core) refers to printf6.o(i._printf_post_padding) for _printf_post_padding
    printf7.o(i.__0fprintf$7) refers to printf7.o(i._printf_core) for _printf_core
    printf7.o(i.__0fprintf$7) refers to uart.o(i.fputc) for fputc
    printf7.o(i.__0printf$7) refers to printf7.o(i._printf_core) for _printf_core
    printf7.o(i.__0printf$7) refers to uart.o(i.fputc) for fputc
    printf7.o(i.__0printf$7) refers to stdout.o(.data) for __stdout
    printf7.o(i.__0snprintf$7) refers to printf7.o(i._printf_core) for _printf_core
    printf7.o(i.__0snprintf$7) refers to printf7.o(i._snputc) for _snputc
    printf7.o(i.__0sprintf$7) refers to printf7.o(i._printf_core) for _printf_core
    printf7.o(i.__0sprintf$7) refers to printf7.o(i._sputc) for _sputc
    printf7.o(i.__0vfprintf$7) refers to printf7.o(i._printf_core) for _printf_core
    printf7.o(i.__0vfprintf$7) refers to uart.o(i.fputc) for fputc
    printf7.o(i.__0vprintf$7) refers to printf7.o(i._printf_core) for _printf_core
    printf7.o(i.__0vprintf$7) refers to uart.o(i.fputc) for fputc
    printf7.o(i.__0vprintf$7) refers to stdout.o(.data) for __stdout
    printf7.o(i.__0vsnprintf$7) refers to printf7.o(i._printf_core) for _printf_core
    printf7.o(i.__0vsnprintf$7) refers to printf7.o(i._snputc) for _snputc
    printf7.o(i.__0vsprintf$7) refers to printf7.o(i._printf_core) for _printf_core
    printf7.o(i.__0vsprintf$7) refers to printf7.o(i._sputc) for _sputc
    printf7.o(i._printf_core) refers to printf7.o(i._printf_pre_padding) for _printf_pre_padding
    printf7.o(i._printf_core) refers to uldiv.o(.text) for __aeabi_uldivmod
    printf7.o(i._printf_core) refers to printf7.o(i._printf_post_padding) for _printf_post_padding
    printf8.o(i.__0fprintf$8) refers to printf8.o(i._printf_core) for _printf_core
    printf8.o(i.__0fprintf$8) refers to uart.o(i.fputc) for fputc
    printf8.o(i.__0printf$8) refers to printf8.o(i._printf_core) for _printf_core
    printf8.o(i.__0printf$8) refers to uart.o(i.fputc) for fputc
    printf8.o(i.__0printf$8) refers to stdout.o(.data) for __stdout
    printf8.o(i.__0snprintf$8) refers to printf8.o(i._printf_core) for _printf_core
    printf8.o(i.__0snprintf$8) refers to printf8.o(i._snputc) for _snputc
    printf8.o(i.__0sprintf$8) refers to printf8.o(i._printf_core) for _printf_core
    printf8.o(i.__0sprintf$8) refers to printf8.o(i._sputc) for _sputc
    printf8.o(i.__0vfprintf$8) refers to printf8.o(i._printf_core) for _printf_core
    printf8.o(i.__0vfprintf$8) refers to uart.o(i.fputc) for fputc
    printf8.o(i.__0vprintf$8) refers to printf8.o(i._printf_core) for _printf_core
    printf8.o(i.__0vprintf$8) refers to uart.o(i.fputc) for fputc
    printf8.o(i.__0vprintf$8) refers to stdout.o(.data) for __stdout
    printf8.o(i.__0vsnprintf$8) refers to printf8.o(i._printf_core) for _printf_core
    printf8.o(i.__0vsnprintf$8) refers to printf8.o(i._snputc) for _snputc
    printf8.o(i.__0vsprintf$8) refers to printf8.o(i._printf_core) for _printf_core
    printf8.o(i.__0vsprintf$8) refers to printf8.o(i._sputc) for _sputc
    printf8.o(i._printf_core) refers to printf8.o(i._printf_pre_padding) for _printf_pre_padding
    printf8.o(i._printf_core) refers to uldiv.o(.text) for __aeabi_uldivmod
    printf8.o(i._printf_core) refers to printf8.o(i._printf_post_padding) for _printf_post_padding
    printfa.o(i.__0fprintf) refers (Special) to iusefp.o(.text) for __I$use$fp
    printfa.o(i.__0fprintf) refers to printfa.o(i._printf_core) for _printf_core
    printfa.o(i.__0fprintf) refers to uart.o(i.fputc) for fputc
    printfa.o(i.__0printf) refers (Special) to iusefp.o(.text) for __I$use$fp
    printfa.o(i.__0printf) refers to printfa.o(i._printf_core) for _printf_core
    printfa.o(i.__0printf) refers to uart.o(i.fputc) for fputc
    printfa.o(i.__0printf) refers to stdout.o(.data) for __stdout
    printfa.o(i.__0snprintf) refers (Special) to iusefp.o(.text) for __I$use$fp
    printfa.o(i.__0snprintf) refers to printfa.o(i._printf_core) for _printf_core
    printfa.o(i.__0snprintf) refers to printfa.o(i._snputc) for _snputc
    printfa.o(i.__0sprintf) refers (Special) to iusefp.o(.text) for __I$use$fp
    printfa.o(i.__0sprintf) refers to printfa.o(i._printf_core) for _printf_core
    printfa.o(i.__0sprintf) refers to printfa.o(i._sputc) for _sputc
    printfa.o(i.__0vfprintf) refers (Special) to iusefp.o(.text) for __I$use$fp
    printfa.o(i.__0vfprintf) refers to printfa.o(i._printf_core) for _printf_core
    printfa.o(i.__0vfprintf) refers to uart.o(i.fputc) for fputc
    printfa.o(i.__0vprintf) refers (Special) to iusefp.o(.text) for __I$use$fp
    printfa.o(i.__0vprintf) refers to printfa.o(i._printf_core) for _printf_core
    printfa.o(i.__0vprintf) refers to uart.o(i.fputc) for fputc
    printfa.o(i.__0vprintf) refers to stdout.o(.data) for __stdout
    printfa.o(i.__0vsnprintf) refers (Special) to iusefp.o(.text) for __I$use$fp
    printfa.o(i.__0vsnprintf) refers to printfa.o(i._printf_core) for _printf_core
    printfa.o(i.__0vsnprintf) refers to printfa.o(i._snputc) for _snputc
    printfa.o(i.__0vsprintf) refers (Special) to iusefp.o(.text) for __I$use$fp
    printfa.o(i.__0vsprintf) refers to printfa.o(i._printf_core) for _printf_core
    printfa.o(i.__0vsprintf) refers to printfa.o(i._sputc) for _sputc
    printfa.o(i._fp_digits) refers (Special) to iusefp.o(.text) for __I$use$fp
    printfa.o(i._fp_digits) refers to dmul.o(.text) for __aeabi_dmul
    printfa.o(i._fp_digits) refers to ddiv.o(.text) for __aeabi_ddiv
    printfa.o(i._fp_digits) refers to cdrcmple.o(.text) for __aeabi_cdrcmple
    printfa.o(i._fp_digits) refers to dadd.o(.text) for __aeabi_dadd
    printfa.o(i._fp_digits) refers to dfixul.o(.text) for __aeabi_d2ulz
    printfa.o(i._fp_digits) refers to uldiv.o(.text) for __aeabi_uldivmod
    printfa.o(i._printf_core) refers (Special) to iusefp.o(.text) for __I$use$fp
    printfa.o(i._printf_core) refers to printfa.o(i._printf_pre_padding) for _printf_pre_padding
    printfa.o(i._printf_core) refers to uldiv.o(.text) for __aeabi_uldivmod
    printfa.o(i._printf_core) refers to printfa.o(i._printf_post_padding) for _printf_post_padding
    printfa.o(i._printf_core) refers to printfa.o(i._fp_digits) for _fp_digits
    printfa.o(i._printf_core) refers to uidiv.o(.text) for __aeabi_uidivmod
    printfa.o(i._printf_post_padding) refers (Special) to iusefp.o(.text) for __I$use$fp
    printfa.o(i._printf_pre_padding) refers (Special) to iusefp.o(.text) for __I$use$fp
    printfa.o(i._snputc) refers (Special) to iusefp.o(.text) for __I$use$fp
    printfa.o(i._sputc) refers (Special) to iusefp.o(.text) for __I$use$fp
    dadd.o(.text) refers (Special) to iusefp.o(.text) for __I$use$fp
    dadd.o(.text) refers to llshl.o(.text) for __aeabi_llsl
    dadd.o(.text) refers to llsshr.o(.text) for __aeabi_lasr
    dadd.o(.text) refers to depilogue.o(.text) for _double_epilogue
    dmul.o(.text) refers (Special) to iusefp.o(.text) for __I$use$fp
    dmul.o(.text) refers to depilogue.o(.text) for _double_epilogue
    ddiv.o(.text) refers (Special) to iusefp.o(.text) for __I$use$fp
    ddiv.o(.text) refers to depilogue.o(.text) for _double_round
    dflti.o(.text) refers (Special) to iusefp.o(.text) for __I$use$fp
    dflti.o(.text) refers to depilogue.o(.text) for _double_epilogue
    dfixui.o(.text) refers (Special) to iusefp.o(.text) for __I$use$fp
    dfixui.o(.text) refers to llushr.o(.text) for __aeabi_llsr
    f2d.o(.text) refers (Special) to iusefp.o(.text) for __I$use$fp
    d2f.o(.text) refers (Special) to iusefp.o(.text) for __I$use$fp
    d2f.o(.text) refers to fepilogue.o(.text) for _float_round
    dunder.o(i.__mathlib_dbl_divzero) refers to ddiv.o(.text) for __aeabi_ddiv
    dunder.o(i.__mathlib_dbl_infnan) refers to dadd.o(.text) for __aeabi_dadd
    dunder.o(i.__mathlib_dbl_infnan2) refers to dadd.o(.text) for __aeabi_dadd
    dunder.o(i.__mathlib_dbl_invalid) refers to ddiv.o(.text) for __aeabi_ddiv
    dunder.o(i.__mathlib_dbl_overflow) refers to dmul.o(.text) for __aeabi_dmul
    dunder.o(i.__mathlib_dbl_posinfnan) refers to dmul.o(.text) for __aeabi_dmul
    dunder.o(i.__mathlib_dbl_underflow) refers to dmul.o(.text) for __aeabi_dmul
    fabs.o(i.__hardfp_fabs) refers (Special) to iusefp.o(.text) for __I$use$fp
    fabs.o(i.__softfp_fabs) refers (Special) to iusefp.o(.text) for __I$use$fp
    fabs.o(i.fabs) refers (Special) to iusefp.o(.text) for __I$use$fp
    fpclassify.o(i.__ARM_fpclassify) refers (Special) to iusefp.o(.text) for __I$use$fp
    poly.o(i.__kernel_poly) refers (Special) to iusefp.o(.text) for __I$use$fp
    poly.o(i.__kernel_poly) refers to dmul.o(.text) for __aeabi_dmul
    poly.o(i.__kernel_poly) refers to dadd.o(.text) for __aeabi_dadd
    qnan.o(.constdata) refers (Special) to iusefp.o(.text) for __I$use$fp
    sqrt.o(i.__hardfp_sqrt) refers (Special) to iusefp.o(.text) for __I$use$fp
    sqrt.o(i.__hardfp_sqrt) refers to dsqrt.o(.text) for _dsqrt
    sqrt.o(i.__hardfp_sqrt) refers to errno.o(i.__set_errno) for __set_errno
    sqrt.o(i.__softfp_sqrt) refers (Special) to iusefp.o(.text) for __I$use$fp
    sqrt.o(i.__softfp_sqrt) refers to dsqrt.o(.text) for _dsqrt
    sqrt.o(i.__softfp_sqrt) refers to errno.o(i.__set_errno) for __set_errno
    sqrt.o(i.sqrt) refers (Special) to iusefp.o(.text) for __I$use$fp
    sqrt.o(i.sqrt) refers to dsqrt.o(.text) for _dsqrt
    sqrt.o(i.sqrt) refers to errno.o(i.__set_errno) for __set_errno
    sqrt_x.o(i.____hardfp_sqrt$lsc) refers (Special) to iusefp.o(.text) for __I$use$fp
    sqrt_x.o(i.____hardfp_sqrt$lsc) refers to cdcmple.o(.text) for __aeabi_cdcmple
    sqrt_x.o(i.____hardfp_sqrt$lsc) refers to errno.o(i.__set_errno) for __set_errno
    sqrt_x.o(i.____hardfp_sqrt$lsc) refers to dsqrt.o(.text) for _dsqrt
    sqrt_x.o(i.____softfp_sqrt$lsc) refers (Special) to iusefp.o(.text) for __I$use$fp
    sqrt_x.o(i.____softfp_sqrt$lsc) refers to cdcmple.o(.text) for __aeabi_cdcmple
    sqrt_x.o(i.____softfp_sqrt$lsc) refers to errno.o(i.__set_errno) for __set_errno
    sqrt_x.o(i.____softfp_sqrt$lsc) refers to dsqrt.o(.text) for _dsqrt
    sqrt_x.o(i.__sqrt$lsc) refers (Special) to iusefp.o(.text) for __I$use$fp
    sqrt_x.o(i.__sqrt$lsc) refers to cdcmple.o(.text) for __aeabi_cdcmple
    sqrt_x.o(i.__sqrt$lsc) refers to errno.o(i.__set_errno) for __set_errno
    sqrt_x.o(i.__sqrt$lsc) refers to dsqrt.o(.text) for _dsqrt
    entry2.o(.ARM.Collect$$$$00000001) refers to entry2.o(.ARM.Collect$$$$00002712) for __lit__00000000
    entry2.o(.ARM.Collect$$$$00002712) refers to startup_tm4c123.o(STACK) for __initial_sp
    entry2.o(__vectab_stack_and_reset_area) refers to startup_tm4c123.o(STACK) for __initial_sp
    entry2.o(__vectab_stack_and_reset_area) refers to entry.o(.ARM.Collect$$$$00000000) for __main
    entry5.o(.ARM.Collect$$$$00000004) refers to init.o(.text) for __scatterload
    entry9a.o(.ARM.Collect$$$$0000000B) refers to main.o(i.main) for main
    entry9b.o(.ARM.Collect$$$$0000000C) refers to main.o(i.main) for main
    uldiv.o(.text) refers to llushr.o(.text) for __aeabi_llsr
    uldiv.o(.text) refers to llshl.o(.text) for __aeabi_llsl
    ctype_c.o(.text) refers to ctype_c.o(.constdata) for .constdata
    errno.o(i.__aeabi_errno_addr) refers to errno.o(.data) for .data
    errno.o(i.__read_errno) refers to errno.o(.data) for .data
    errno.o(i.__set_errno) refers to errno.o(.data) for .data
    strtod.o(.text) refers to scanf_fp.o(.text) for _scanf_real
    strtod.o(.text) refers to _sgetc.o(.text) for _sgetc
    strtod.o(.text) refers to isspace_o.o(.text) for isspace
    depilogue.o(.text) refers to llshl.o(.text) for __aeabi_llsl
    depilogue.o(.text) refers to llushr.o(.text) for __aeabi_llsr
    dfixul.o(.text) refers to llushr.o(.text) for __aeabi_llsr
    dfixul.o(.text) refers to llshl.o(.text) for __aeabi_llsl
    init.o(.text) refers to entry5.o(.ARM.Collect$$$$00000004) for __main_after_scatterload
    isspace_c.o(.text) refers to ctype_c.o(.text) for __ctype_lookup
    scanf_fp.o(.text) refers (Special) to iusefp.o(.text) for __I$use$fp
    scanf_fp.o(.text) refers to dfltul.o(.text) for __aeabi_ul2d
    scanf_fp.o(.text) refers to dmul.o(.text) for __aeabi_dmul
    scanf_fp.o(.text) refers to ddiv.o(.text) for __aeabi_ddiv
    scanf_fp.o(.text) refers to scanf_fp.o(i._is_digit) for _is_digit
    scanf_fp.o(.text) refers to d2f.o(.text) for __aeabi_d2f
    dsqrt.o(.text) refers to llushr.o(.text) for __aeabi_llsr
    dsqrt.o(.text) refers to depilogue.o(.text) for _double_round
    dfltul.o(.text) refers to depilogue.o(.text) for _double_epilogue
    scanf_fp.o(i._is_digit) refers (Special) to iusefp.o(.text) for __I$use$fp


==============================================================================

Removing Unused input sections from the image.

    Removing lcd.o(i.LCD_ResetCursor), (10 bytes).
    Removing uart.o(i.UART_InChar), (28 bytes).
    Removing uart.o(i.ferror), (8 bytes).
    Removing uart.o(i.fgetc), (20 bytes).
    Removing cal.o(i.cal), (728 bytes).
    Removing calculation.o(i.isInputStringFull), (28 bytes).
    Removing calculation.o(i.isOutputQueEmpty), (20 bytes).
    Removing calculation.o(i.popOutputQue), (48 bytes).
    Removing startup_tm4c123.o(HEAP), (0 bytes).
    Removing system_tm4c123.o(.rev16_text), (4 bytes).
    Removing system_tm4c123.o(.revsh_text), (4 bytes).
    Removing system_tm4c123.o(.rrx_text), (6 bytes).
    Removing system_tm4c123.o(i.SystemCoreClockUpdate), (196 bytes).
    Removing system_tm4c123.o(i.getOscClk), (244 bytes).
    Removing system_tm4c123.o(.data), (4 bytes).
    Removing f2d.o(.text), (38 bytes).
    Removing dneg.o(.text), (6 bytes).
    Removing cdcmple.o(.text), (48 bytes).

18 unused section(s) (total 1440 bytes) removed from the image.

==============================================================================

Image Symbol Table

    Local Symbols

    Symbol Name                              Value     Ov Type        Size  Object(Section)

    RESET                                    0x00000000   Section      620  startup_tm4c123.o(RESET)
    ../clib/microlib/ctype/ctype.c           0x00000000   Number         0  isprint_o.o ABSOLUTE
    ../clib/microlib/ctype/ctype.c           0x00000000   Number         0  ctype_c.o ABSOLUTE
    ../clib/microlib/ctype/ctype.c           0x00000000   Number         0  isdigit_o.o ABSOLUTE
    ../clib/microlib/ctype/ctype.c           0x00000000   Number         0  isgraph_o.o ABSOLUTE
    ../clib/microlib/ctype/ctype.c           0x00000000   Number         0  islower_o.o ABSOLUTE
    ../clib/microlib/ctype/ctype.c           0x00000000   Number         0  isspace_o.o ABSOLUTE
    ../clib/microlib/ctype/ctype.c           0x00000000   Number         0  ispunct_o.o ABSOLUTE
    ../clib/microlib/ctype/ctype.c           0x00000000   Number         0  isxdigit_o.o ABSOLUTE
    ../clib/microlib/ctype/ctype.c           0x00000000   Number         0  isupper_o.o ABSOLUTE
    ../clib/microlib/ctype/ctype.c           0x00000000   Number         0  iscntrl_o.o ABSOLUTE
    ../clib/microlib/ctype/ctype.c           0x00000000   Number         0  isalpha_o.o ABSOLUTE
    ../clib/microlib/ctype/ctype.c           0x00000000   Number         0  isalnum_o.o ABSOLUTE
    ../clib/microlib/ctype/ctype.c           0x00000000   Number         0  ctype_o.o ABSOLUTE
    ../clib/microlib/ctype/ctype.c           0x00000000   Number         0  isdigit_c.o ABSOLUTE
    ../clib/microlib/ctype/ctype.c           0x00000000   Number         0  isspace_c.o ABSOLUTE
    ../clib/microlib/ctype/ctype.c           0x00000000   Number         0  isblank_o.o ABSOLUTE
    ../clib/microlib/division.c              0x00000000   Number         0  uldiv.o ABSOLUTE
    ../clib/microlib/division.c              0x00000000   Number         0  uidiv.o ABSOLUTE
    ../clib/microlib/errno.c                 0x00000000   Number         0  errno.o ABSOLUTE
    ../clib/microlib/init/entry.s            0x00000000   Number         0  entry11b.o ABSOLUTE
    ../clib/microlib/init/entry.s            0x00000000   Number         0  entry11a.o ABSOLUTE
    ../clib/microlib/init/entry.s            0x00000000   Number         0  entry10b.o ABSOLUTE
    ../clib/microlib/init/entry.s            0x00000000   Number         0  entry10a.o ABSOLUTE
    ../clib/microlib/init/entry.s            0x00000000   Number         0  entry9b.o ABSOLUTE
    ../clib/microlib/init/entry.s            0x00000000   Number         0  entry.o ABSOLUTE
    ../clib/microlib/init/entry.s            0x00000000   Number         0  entry8b.o ABSOLUTE
    ../clib/microlib/init/entry.s            0x00000000   Number         0  entry2.o ABSOLUTE
    ../clib/microlib/init/entry.s            0x00000000   Number         0  entry5.o ABSOLUTE
    ../clib/microlib/init/entry.s            0x00000000   Number         0  entry7a.o ABSOLUTE
    ../clib/microlib/init/entry.s            0x00000000   Number         0  entry7b.o ABSOLUTE
    ../clib/microlib/init/entry.s            0x00000000   Number         0  entry9a.o ABSOLUTE
    ../clib/microlib/init/entry.s            0x00000000   Number         0  entry8a.o ABSOLUTE
    ../clib/microlib/longlong.c              0x00000000   Number         0  llsshr.o ABSOLUTE
    ../clib/microlib/longlong.c              0x00000000   Number         0  llshl.o ABSOLUTE
    ../clib/microlib/longlong.c              0x00000000   Number         0  llushr.o ABSOLUTE
    ../clib/microlib/printf/printf.c         0x00000000   Number         0  printfa.o ABSOLUTE
    ../clib/microlib/printf/printf.c         0x00000000   Number         0  printf0.o ABSOLUTE
    ../clib/microlib/printf/printf.c         0x00000000   Number         0  printf1.o ABSOLUTE
    ../clib/microlib/printf/printf.c         0x00000000   Number         0  printf2.o ABSOLUTE
    ../clib/microlib/printf/printf.c         0x00000000   Number         0  printf3.o ABSOLUTE
    ../clib/microlib/printf/printf.c         0x00000000   Number         0  printf4.o ABSOLUTE
    ../clib/microlib/printf/printf.c         0x00000000   Number         0  printf5.o ABSOLUTE
    ../clib/microlib/printf/printf.c         0x00000000   Number         0  printf6.o ABSOLUTE
    ../clib/microlib/printf/printf.c         0x00000000   Number         0  printf7.o ABSOLUTE
    ../clib/microlib/printf/printf.c         0x00000000   Number         0  printf8.o ABSOLUTE
    ../clib/microlib/printf/printf.c         0x00000000   Number         0  printfb.o ABSOLUTE
    ../clib/microlib/printf/stubs.s          0x00000000   Number         0  stubs.o ABSOLUTE
    ../clib/microlib/stdio/streams.c         0x00000000   Number         0  stdout.o ABSOLUTE
    ../clib/microlib/stubs.s                 0x00000000   Number         0  iusefp.o ABSOLUTE
    ../clib/scanf.c                          0x00000000   Number         0  _sgetc.o ABSOLUTE
    ../clib/scanf.c                          0x00000000   Number         0  strtod.o ABSOLUTE
    ../clib/scanf.c                          0x00000000   Number         0  scanf_fp.o ABSOLUTE
    ../fplib/microlib/d2f.c                  0x00000000   Number         0  d2f.o ABSOLUTE
    ../fplib/microlib/f2d.c                  0x00000000   Number         0  f2d.o ABSOLUTE
    ../fplib/microlib/fpadd.c                0x00000000   Number         0  dadd.o ABSOLUTE
    ../fplib/microlib/fpdiv.c                0x00000000   Number         0  ddiv.o ABSOLUTE
    ../fplib/microlib/fpepilogue.c           0x00000000   Number         0  fepilogue.o ABSOLUTE
    ../fplib/microlib/fpepilogue.c           0x00000000   Number         0  depilogue.o ABSOLUTE
    ../fplib/microlib/fpfix.c                0x00000000   Number         0  dfixui.o ABSOLUTE
    ../fplib/microlib/fpfix.c                0x00000000   Number         0  dfixul.o ABSOLUTE
    ../fplib/microlib/fpflt.c                0x00000000   Number         0  dflti.o ABSOLUTE
    ../fplib/microlib/fpflt.c                0x00000000   Number         0  dfltul.o ABSOLUTE
    ../fplib/microlib/fpmul.c                0x00000000   Number         0  dmul.o ABSOLUTE
    ../fplib/microlib/fpneg.c                0x00000000   Number         0  dneg.o ABSOLUTE
    ../fplib/microlib/fpscalb.c              0x00000000   Number         0  dscalb.o ABSOLUTE
    ../fplib/microlib/fpsqrt.c               0x00000000   Number         0  dsqrt.o ABSOLUTE
    ../mathlib/atof.c                        0x00000000   Number         0  atof.o ABSOLUTE
    ../mathlib/dunder.c                      0x00000000   Number         0  dunder.o ABSOLUTE
    ../mathlib/fabs.c                        0x00000000   Number         0  fabs.o ABSOLUTE
    ../mathlib/fpclassify.c                  0x00000000   Number         0  fpclassify.o ABSOLUTE
    ../mathlib/poly.c                        0x00000000   Number         0  poly.o ABSOLUTE
    ../mathlib/pow.c                         0x00000000   Number         0  pow.o ABSOLUTE
    ../mathlib/pow.c                         0x00000000   Number         0  pow_x.o ABSOLUTE
    ../mathlib/qnan.c                        0x00000000   Number         0  qnan.o ABSOLUTE
    ../mathlib/sqrt.c                        0x00000000   Number         0  sqrt.o ABSOLUTE
    ../mathlib/sqrt.c                        0x00000000   Number         0  sqrt_x.o ABSOLUTE
    Calculation.c                            0x00000000   Number         0  calculation.o ABSOLUTE
    LCD.c                                    0x00000000   Number         0  lcd.o ABSOLUTE
    PLL.c                                    0x00000000   Number         0  pll.o ABSOLUTE
    RTE\Device\TM4C123GH6PM\startup_TM4C123.s 0x00000000   Number         0  startup_tm4c123.o ABSOLUTE
    RTE\Device\TM4C123GH6PM\system_TM4C123.c 0x00000000   Number         0  system_tm4c123.o ABSOLUTE
    RTE\\Device\\TM4C123GH6PM\\system_TM4C123.c 0x00000000   Number         0  system_tm4c123.o ABSOLUTE
    UART.c                                   0x00000000   Number         0  uart.o ABSOLUTE
    cal.c                                    0x00000000   Number         0  cal.o ABSOLUTE
    cdcmple.s                                0x00000000   Number         0  cdcmple.o ABSOLUTE
    cdrcmple.s                               0x00000000   Number         0  cdrcmple.o ABSOLUTE
    dc.s                                     0x00000000   Number         0  dc.o ABSOLUTE
    handlers.s                               0x00000000   Number         0  handlers.o ABSOLUTE
    init.s                                   0x00000000   Number         0  init.o ABSOLUTE
    keypad.c                                 0x00000000   Number         0  keypad.o ABSOLUTE
    main.c                                   0x00000000   Number         0  main.o ABSOLUTE
    .ARM.Collect$$$$00000000                 0x0000026c   Section        0  entry.o(.ARM.Collect$$$$00000000)
    .ARM.Collect$$$$00000001                 0x0000026c   Section        4  entry2.o(.ARM.Collect$$$$00000001)
    .ARM.Collect$$$$00000004                 0x00000270   Section        4  entry5.o(.ARM.Collect$$$$00000004)
    .ARM.Collect$$$$00000008                 0x00000274   Section        0  entry7b.o(.ARM.Collect$$$$00000008)
    .ARM.Collect$$$$0000000A                 0x00000274   Section        0  entry8b.o(.ARM.Collect$$$$0000000A)
    .ARM.Collect$$$$0000000B                 0x00000274   Section        8  entry9a.o(.ARM.Collect$$$$0000000B)
    .ARM.Collect$$$$0000000D                 0x0000027c   Section        0  entry10a.o(.ARM.Collect$$$$0000000D)
    .ARM.Collect$$$$0000000F                 0x0000027c   Section        0  entry11a.o(.ARM.Collect$$$$0000000F)
    .ARM.Collect$$$$00002712                 0x0000027c   Section        4  entry2.o(.ARM.Collect$$$$00002712)
    __lit__00000000                          0x0000027c   Data           4  entry2.o(.ARM.Collect$$$$00002712)
    .text                                    0x00000280   Section      252  startup_tm4c123.o(.text)
    $v0                                      0x00000280   Number         0  startup_tm4c123.o(.text)
    .text                                    0x0000037c   Section        0  ctype_o.o(.text)
    .text                                    0x00000384   Section        0  isdigit_o.o(.text)
    .text                                    0x0000039c   Section        0  isspace_o.o(.text)
    .text                                    0x000003ae   Section        0  dadd.o(.text)
    .text                                    0x000004fc   Section        0  dmul.o(.text)
    .text                                    0x000005e0   Section        0  ddiv.o(.text)
    .text                                    0x000006be   Section        0  dflti.o(.text)
    .text                                    0x000006e0   Section        0  dfixui.o(.text)
    .text                                    0x00000712   Section        0  d2f.o(.text)
    .text                                    0x0000074a   Section        0  uidiv.o(.text)
    .text                                    0x00000776   Section        0  uldiv.o(.text)
    .text                                    0x000007d8   Section        0  llshl.o(.text)
    .text                                    0x000007f6   Section        0  llushr.o(.text)
    .text                                    0x00000816   Section        0  llsshr.o(.text)
    .text                                    0x0000083c   Section        0  strtod.o(.text)
    _local_sscanf                            0x0000083d   Thumb Code    54  strtod.o(.text)
    .text                                    0x000008d8   Section        0  fepilogue.o(.text)
    .text                                    0x000008d8   Section        0  iusefp.o(.text)
    .text                                    0x00000946   Section        0  depilogue.o(.text)
    .text                                    0x00000a00   Section        0  dscalb.o(.text)
    .text                                    0x00000a2e   Section        0  dfixul.o(.text)
    .text                                    0x00000a60   Section       48  cdrcmple.o(.text)
    .text                                    0x00000a90   Section       36  init.o(.text)
    .text                                    0x00000ab4   Section        0  scanf_fp.o(.text)
    _fp_value                                0x00000ab5   Thumb Code   296  scanf_fp.o(.text)
    .text                                    0x00000e14   Section        0  _sgetc.o(.text)
    .text                                    0x00000e54   Section        0  dsqrt.o(.text)
    .text                                    0x00000ef6   Section        0  dfltul.o(.text)
    i.LCD_ClearScreen                        0x00000f10   Section        0  lcd.o(i.LCD_ClearScreen)
    i.LCD_ENPulse                            0x00000f2c   Section        0  lcd.o(i.LCD_ENPulse)
    i.LCD_GoTo                               0x00000f4c   Section        0  lcd.o(i.LCD_GoTo)
    i.LCD_WriteCommand                       0x00000f6c   Section        0  lcd.o(i.LCD_WriteCommand)
    i.LCD_WriteData                          0x00000fac   Section        0  lcd.o(i.LCD_WriteData)
    i.LCD_WriteRamString                     0x00000fec   Section        0  lcd.o(i.LCD_WriteRamString)
    i.LCD_init                               0x00001004   Section        0  lcd.o(i.LCD_init)
    i.PLL_Init                               0x000010b8   Section        0  pll.o(i.PLL_Init)
    i.PORTA_Init                             0x00001128   Section        0  lcd.o(i.PORTA_Init)
    i.PORTB_Init                             0x0000113c   Section        0  lcd.o(i.PORTB_Init)
    i.PortD_Init                             0x00001150   Section        0  keypad.o(i.PortD_Init)
    i.PortE_Init                             0x000011a0   Section        0  keypad.o(i.PortE_Init)
    i.SysTick_Init                           0x000011f4   Section        0  pll.o(i.SysTick_Init)
    i.SysTick_Wait                           0x0000120c   Section        0  pll.o(i.SysTick_Wait)
    i.SystemInit                             0x0000122c   Section        0  system_tm4c123.o(i.SystemInit)
    i.UART_Init                              0x00001240   Section        0  uart.o(i.UART_Init)
    i.UART_OutChar                           0x000012cc   Section        0  uart.o(i.UART_OutChar)
    i.__0printf                              0x000012e4   Section        0  printfa.o(i.__0printf)
    i.__0snprintf                            0x00001304   Section        0  printfa.o(i.__0snprintf)
    i.__ARM_fpclassify                       0x00001334   Section        0  fpclassify.o(i.__ARM_fpclassify)
    i.__hardfp_atof                          0x00001368   Section        0  atof.o(i.__hardfp_atof)
    i.__hardfp_pow                           0x000013a0   Section        0  pow.o(i.__hardfp_pow)
    i.__kernel_poly                          0x00001ff0   Section        0  poly.o(i.__kernel_poly)
    i.__mathlib_dbl_divzero                  0x000020e8   Section        0  dunder.o(i.__mathlib_dbl_divzero)
    i.__mathlib_dbl_infnan2                  0x00002118   Section        0  dunder.o(i.__mathlib_dbl_infnan2)
    i.__mathlib_dbl_invalid                  0x00002130   Section        0  dunder.o(i.__mathlib_dbl_invalid)
    i.__mathlib_dbl_overflow                 0x00002150   Section        0  dunder.o(i.__mathlib_dbl_overflow)
    i.__mathlib_dbl_underflow                0x00002170   Section        0  dunder.o(i.__mathlib_dbl_underflow)
    i.__read_errno                           0x00002190   Section        0  errno.o(i.__read_errno)
    i.__scatterload_copy                     0x0000219c   Section       14  handlers.o(i.__scatterload_copy)
    i.__scatterload_null                     0x000021aa   Section        2  handlers.o(i.__scatterload_null)
    i.__scatterload_zeroinit                 0x000021ac   Section       14  handlers.o(i.__scatterload_zeroinit)
    i.__set_errno                            0x000021bc   Section        0  errno.o(i.__set_errno)
    i._fp_digits                             0x000021c8   Section        0  printfa.o(i._fp_digits)
    _fp_digits                               0x000021c9   Thumb Code   366  printfa.o(i._fp_digits)
    i._is_digit                              0x0000234c   Section        0  scanf_fp.o(i._is_digit)
    i._printf_core                           0x0000235c   Section        0  printfa.o(i._printf_core)
    _printf_core                             0x0000235d   Thumb Code  1744  printfa.o(i._printf_core)
    i._printf_post_padding                   0x00002a38   Section        0  printfa.o(i._printf_post_padding)
    _printf_post_padding                     0x00002a39   Thumb Code    36  printfa.o(i._printf_post_padding)
    i._printf_pre_padding                    0x00002a5c   Section        0  printfa.o(i._printf_pre_padding)
    _printf_pre_padding                      0x00002a5d   Thumb Code    46  printfa.o(i._printf_pre_padding)
    i._snputc                                0x00002a8a   Section        0  printfa.o(i._snputc)
    _snputc                                  0x00002a8b   Thumb Code    22  printfa.o(i._snputc)
    i.addToOutputQue                         0x00002aa0   Section        0  calculation.o(i.addToOutputQue)
    i.calculate                              0x00002ae0   Section        0  calculation.o(i.calculate)
    i.clearAllCalculatorStacks               0x00002c48   Section        0  calculation.o(i.clearAllCalculatorStacks)
    i.clearDoubleConversionStack             0x00002c60   Section        0  calculation.o(i.clearDoubleConversionStack)
    i.clearEvaluationStack                   0x00002c88   Section        0  calculation.o(i.clearEvaluationStack)
    i.clearInputString                       0x00002cc0   Section        0  calculation.o(i.clearInputString)
    i.clearOperatorStack                     0x00002ce8   Section        0  calculation.o(i.clearOperatorStack)
    i.clearOutputQue                         0x00002d10   Section        0  calculation.o(i.clearOutputQue)
    i.convertInfixToRPN                      0x00002d38   Section        0  calculation.o(i.convertInfixToRPN)
    i.decodeKeyPress                         0x00002e3c   Section        0  keypad.o(i.decodeKeyPress)
    i.evaluateRPN                            0x000030c4   Section        0  calculation.o(i.evaluateRPN)
    i.fabs                                   0x000031a4   Section        0  fabs.o(i.fabs)
    i.fputc                                  0x000031bc   Section        0  uart.o(i.fputc)
    i.infixInput                             0x000031e8   Section        0  calculation.o(i.infixInput)
    i.isEvaluationStackEmpty                 0x00003224   Section        0  calculation.o(i.isEvaluationStackEmpty)
    i.isEvaluationStackFull                  0x00003238   Section        0  calculation.o(i.isEvaluationStackFull)
    i.isOperator                             0x00003254   Section        0  calculation.o(i.isOperator)
    i.isOperatorStackEmpty                   0x00003288   Section        0  calculation.o(i.isOperatorStackEmpty)
    i.isOperatorStackFull                    0x0000329c   Section        0  calculation.o(i.isOperatorStackFull)
    i.isOutputQueFull                        0x000032b8   Section        0  calculation.o(i.isOutputQueFull)
    i.main                                   0x000032d4   Section        0  main.o(i.main)
    i.operatorAssociativity                  0x00003334   Section        0  calculation.o(i.operatorAssociativity)
    i.operatorPriority                       0x00003360   Section        0  calculation.o(i.operatorPriority)
    i.performOperation                       0x000033a0   Section        0  calculation.o(i.performOperation)
    i.popEvaluationStack                     0x00003460   Section        0  calculation.o(i.popEvaluationStack)
    i.popOperatorStack                       0x000034b8   Section        0  calculation.o(i.popOperatorStack)
    i.pushDoubleConversionStack              0x000034f8   Section        0  calculation.o(i.pushDoubleConversionStack)
    i.pushEvaluationStack                    0x00003514   Section        0  calculation.o(i.pushEvaluationStack)
    i.pushOperatorStack                      0x00003570   Section        0  calculation.o(i.pushOperatorStack)
    i.sqrt                                   0x000035b0   Section        0  sqrt.o(i.sqrt)
    i.topEvaluationStackValue                0x00003620   Section        0  calculation.o(i.topEvaluationStackValue)
    i.topOperatorStackValue                  0x00003640   Section        0  calculation.o(i.topOperatorStackValue)
    .constdata                               0x00003658   Section      136  pow.o(.constdata)
    bp                                       0x00003658   Data          16  pow.o(.constdata)
    dp_h                                     0x00003668   Data          16  pow.o(.constdata)
    dp_l                                     0x00003678   Data          16  pow.o(.constdata)
    L                                        0x00003688   Data          48  pow.o(.constdata)
    P                                        0x000036b8   Data          40  pow.o(.constdata)
    .constdata                               0x000036e0   Section      129  ctype_o.o(.constdata)
    .constdata                               0x00003764   Section        4  ctype_o.o(.constdata)
    table                                    0x00003764   Data           4  ctype_o.o(.constdata)
    .constdata                               0x00003768   Section        8  qnan.o(.constdata)
    .data                                    0x20000000   Section       28  calculation.o(.data)
    .data                                    0x2000001c   Section        4  stdout.o(.data)
    .data                                    0x20000020   Section        4  errno.o(.data)
    _errno                                   0x20000020   Data           4  errno.o(.data)
    .bss                                     0x20000028   Section      248  calculation.o(.bss)
    STACK                                    0x20000120   Section      512  startup_tm4c123.o(STACK)

    Global Symbols

    Symbol Name                              Value     Ov Type        Size  Object(Section)

    BuildAttributes$$THM_ISAv4$E$P$D$K$B$S$7EM$VFPi3$EXTD16$VFPS$VFMA$PE$A:L22UL41UL21$X:L11$S22US41US21$IEEE1$IW$USESV6$~STKCKD$USESV7$~SHL$OTIME$ROPI$IEEEX$EBA8$MICROLIB$REQ8$PRES8$EABIv2 0x00000000   Number         0  anon$$obj.o ABSOLUTE
    __ARM_use_no_argv                        0x00000000   Number         0  main.o ABSOLUTE
    __Vectors                                0x00000000   Data           4  startup_tm4c123.o(RESET)
    _printf_a                                0x00000000   Number         0  stubs.o ABSOLUTE
    _printf_c                                0x00000000   Number         0  stubs.o ABSOLUTE
    _printf_charcount                        0x00000000   Number         0  stubs.o ABSOLUTE
    _printf_d                                0x00000000   Number         0  stubs.o ABSOLUTE
    _printf_e                                0x00000000   Number         0  stubs.o ABSOLUTE
    _printf_f                                0x00000000   Number         0  stubs.o ABSOLUTE
    _printf_flags                            0x00000000   Number         0  stubs.o ABSOLUTE
    _printf_fp_dec                           0x00000000   Number         0  stubs.o ABSOLUTE
    _printf_fp_hex                           0x00000000   Number         0  stubs.o ABSOLUTE
    _printf_g                                0x00000000   Number         0  stubs.o ABSOLUTE
    _printf_i                                0x00000000   Number         0  stubs.o ABSOLUTE
    _printf_int_dec                          0x00000000   Number         0  stubs.o ABSOLUTE
    _printf_l                                0x00000000   Number         0  stubs.o ABSOLUTE
    _printf_lc                               0x00000000   Number         0  stubs.o ABSOLUTE
    _printf_ll                               0x00000000   Number         0  stubs.o ABSOLUTE
    _printf_lld                              0x00000000   Number         0  stubs.o ABSOLUTE
    _printf_lli                              0x00000000   Number         0  stubs.o ABSOLUTE
    _printf_llo                              0x00000000   Number         0  stubs.o ABSOLUTE
    _printf_llu                              0x00000000   Number         0  stubs.o ABSOLUTE
    _printf_llx                              0x00000000   Number         0  stubs.o ABSOLUTE
    _printf_longlong_dec                     0x00000000   Number         0  stubs.o ABSOLUTE
    _printf_longlong_hex                     0x00000000   Number         0  stubs.o ABSOLUTE
    _printf_longlong_oct                     0x00000000   Number         0  stubs.o ABSOLUTE
    _printf_ls                               0x00000000   Number         0  stubs.o ABSOLUTE
    _printf_mbtowc                           0x00000000   Number         0  stubs.o ABSOLUTE
    _printf_n                                0x00000000   Number         0  stubs.o ABSOLUTE
    _printf_o                                0x00000000   Number         0  stubs.o ABSOLUTE
    _printf_p                                0x00000000   Number         0  stubs.o ABSOLUTE
    _printf_percent                          0x00000000   Number         0  stubs.o ABSOLUTE
    _printf_pre_padding                      0x00000000   Number         0  stubs.o ABSOLUTE
    _printf_return_value                     0x00000000   Number         0  stubs.o ABSOLUTE
    _printf_s                                0x00000000   Number         0  stubs.o ABSOLUTE
    _printf_sizespec                         0x00000000   Number         0  stubs.o ABSOLUTE
    _printf_str                              0x00000000   Number         0  stubs.o ABSOLUTE
    _printf_truncate_signed                  0x00000000   Number         0  stubs.o ABSOLUTE
    _printf_truncate_unsigned                0x00000000   Number         0  stubs.o ABSOLUTE
    _printf_u                                0x00000000   Number         0  stubs.o ABSOLUTE
    _printf_wc                               0x00000000   Number         0  stubs.o ABSOLUTE
    _printf_wctomb                           0x00000000   Number         0  stubs.o ABSOLUTE
    _printf_widthprec                        0x00000000   Number         0  stubs.o ABSOLUTE
    _printf_x                                0x00000000   Number         0  stubs.o ABSOLUTE
    __cpp_initialize__aeabi_                  - Undefined Weak Reference
    __cxa_finalize                            - Undefined Weak Reference
    __decompress                              - Undefined Weak Reference
    _clock_init                               - Undefined Weak Reference
    _microlib_exit                            - Undefined Weak Reference
    __Vectors_End                            0x0000026c   Data           0  startup_tm4c123.o(RESET)
    __Vectors_Size                           0x0000026c   Number         0  startup_tm4c123.o ABSOLUTE
    __main                                   0x0000026d   Thumb Code     0  entry.o(.ARM.Collect$$$$00000000)
    _main_stk                                0x0000026d   Thumb Code     0  entry2.o(.ARM.Collect$$$$00000001)
    _main_scatterload                        0x00000271   Thumb Code     0  entry5.o(.ARM.Collect$$$$00000004)
    __main_after_scatterload                 0x00000275   Thumb Code     0  entry5.o(.ARM.Collect$$$$00000004)
    _main_clock                              0x00000275   Thumb Code     0  entry7b.o(.ARM.Collect$$$$00000008)
    _main_cpp_init                           0x00000275   Thumb Code     0  entry8b.o(.ARM.Collect$$$$0000000A)
    _main_init                               0x00000275   Thumb Code     0  entry9a.o(.ARM.Collect$$$$0000000B)
    __rt_final_cpp                           0x0000027d   Thumb Code     0  entry10a.o(.ARM.Collect$$$$0000000D)
    __rt_final_exit                          0x0000027d   Thumb Code     0  entry11a.o(.ARM.Collect$$$$0000000F)
    Reset_Handler                            0x00000281   Thumb Code     8  startup_tm4c123.o(.text)
    NMI_Handler                              0x00000289   Thumb Code     2  startup_tm4c123.o(.text)
    HardFault_Handler                        0x0000028b   Thumb Code     2  startup_tm4c123.o(.text)
    MemManage_Handler                        0x0000028d   Thumb Code     2  startup_tm4c123.o(.text)
    BusFault_Handler                         0x0000028f   Thumb Code     2  startup_tm4c123.o(.text)
    UsageFault_Handler                       0x00000291   Thumb Code     2  startup_tm4c123.o(.text)
    SVC_Handler                              0x00000293   Thumb Code     2  startup_tm4c123.o(.text)
    DebugMon_Handler                         0x00000295   Thumb Code     2  startup_tm4c123.o(.text)
    PendSV_Handler                           0x00000297   Thumb Code     2  startup_tm4c123.o(.text)
    SysTick_Handler                          0x00000299   Thumb Code     2  startup_tm4c123.o(.text)
    GPIOA_Handler                            0x0000029b   Thumb Code     2  startup_tm4c123.o(.text)
    GPIOB_Handler                            0x0000029d   Thumb Code     2  startup_tm4c123.o(.text)
    GPIOC_Handler                            0x0000029f   Thumb Code     2  startup_tm4c123.o(.text)
    GPIOD_Handler                            0x000002a1   Thumb Code     2  startup_tm4c123.o(.text)
    GPIOE_Handler                            0x000002a3   Thumb Code     2  startup_tm4c123.o(.text)
    UART0_Handler                            0x000002a5   Thumb Code     2  startup_tm4c123.o(.text)
    UART1_Handler                            0x000002a7   Thumb Code     2  startup_tm4c123.o(.text)
    SSI0_Handler                             0x000002a9   Thumb Code     2  startup_tm4c123.o(.text)
    I2C0_Handler                             0x000002ab   Thumb Code     2  startup_tm4c123.o(.text)
    PMW0_FAULT_Handler                       0x000002ad   Thumb Code     2  startup_tm4c123.o(.text)
    PWM0_0_Handler                           0x000002af   Thumb Code     2  startup_tm4c123.o(.text)
    PWM0_1_Handler                           0x000002b1   Thumb Code     2  startup_tm4c123.o(.text)
    PWM0_2_Handler                           0x000002b3   Thumb Code     2  startup_tm4c123.o(.text)
    QEI0_Handler                             0x000002b5   Thumb Code     2  startup_tm4c123.o(.text)
    ADC0SS0_Handler                          0x000002b7   Thumb Code     2  startup_tm4c123.o(.text)
    ADC0SS1_Handler                          0x000002b9   Thumb Code     2  startup_tm4c123.o(.text)
    ADC0SS2_Handler                          0x000002bb   Thumb Code     2  startup_tm4c123.o(.text)
    ADC0SS3_Handler                          0x000002bd   Thumb Code     2  startup_tm4c123.o(.text)
    WDT0_Handler                             0x000002bf   Thumb Code     2  startup_tm4c123.o(.text)
    TIMER0A_Handler                          0x000002c1   Thumb Code     2  startup_tm4c123.o(.text)
    TIMER0B_Handler                          0x000002c3   Thumb Code     2  startup_tm4c123.o(.text)
    TIMER1A_Handler                          0x000002c5   Thumb Code     2  startup_tm4c123.o(.text)
    TIMER1B_Handler                          0x000002c7   Thumb Code     2  startup_tm4c123.o(.text)
    TIMER2A_Handler                          0x000002c9   Thumb Code     2  startup_tm4c123.o(.text)
    TIMER2B_Handler                          0x000002cb   Thumb Code     2  startup_tm4c123.o(.text)
    COMP0_Handler                            0x000002cd   Thumb Code     2  startup_tm4c123.o(.text)
    COMP1_Handler                            0x000002cf   Thumb Code     2  startup_tm4c123.o(.text)
    COMP2_Handler                            0x000002d1   Thumb Code     2  startup_tm4c123.o(.text)
    SYSCTL_Handler                           0x000002d3   Thumb Code     2  startup_tm4c123.o(.text)
    FLASH_Handler                            0x000002d5   Thumb Code     2  startup_tm4c123.o(.text)
    GPIOF_Handler                            0x000002d7   Thumb Code     2  startup_tm4c123.o(.text)
    GPIOG_Handler                            0x000002d9   Thumb Code     2  startup_tm4c123.o(.text)
    GPIOH_Handler                            0x000002db   Thumb Code     2  startup_tm4c123.o(.text)
    UART2_Handler                            0x000002dd   Thumb Code     2  startup_tm4c123.o(.text)
    SSI1_Handler                             0x000002df   Thumb Code     2  startup_tm4c123.o(.text)
    TIMER3A_Handler                          0x000002e1   Thumb Code     2  startup_tm4c123.o(.text)
    TIMER3B_Handler                          0x000002e3   Thumb Code     2  startup_tm4c123.o(.text)
    I2C1_Handler                             0x000002e5   Thumb Code     2  startup_tm4c123.o(.text)
    QEI1_Handler                             0x000002e7   Thumb Code     2  startup_tm4c123.o(.text)
    CAN0_Handler                             0x000002e9   Thumb Code     2  startup_tm4c123.o(.text)
    CAN1_Handler                             0x000002eb   Thumb Code     2  startup_tm4c123.o(.text)
    CAN2_Handler                             0x000002ed   Thumb Code     2  startup_tm4c123.o(.text)
    HIB_Handler                              0x000002ef   Thumb Code     2  startup_tm4c123.o(.text)
    USB0_Handler                             0x000002f1   Thumb Code     2  startup_tm4c123.o(.text)
    PWM0_3_Handler                           0x000002f3   Thumb Code     2  startup_tm4c123.o(.text)
    UDMA_Handler                             0x000002f5   Thumb Code     2  startup_tm4c123.o(.text)
    UDMAERR_Handler                          0x000002f7   Thumb Code     2  startup_tm4c123.o(.text)
    ADC1SS0_Handler                          0x000002f9   Thumb Code     2  startup_tm4c123.o(.text)
    ADC1SS1_Handler                          0x000002fb   Thumb Code     2  startup_tm4c123.o(.text)
    ADC1SS2_Handler                          0x000002fd   Thumb Code     2  startup_tm4c123.o(.text)
    ADC1SS3_Handler                          0x000002ff   Thumb Code     2  startup_tm4c123.o(.text)
    GPIOJ_Handler                            0x00000301   Thumb Code     2  startup_tm4c123.o(.text)
    GPIOK_Handler                            0x00000303   Thumb Code     2  startup_tm4c123.o(.text)
    GPIOL_Handler                            0x00000305   Thumb Code     2  startup_tm4c123.o(.text)
    SSI2_Handler                             0x00000307   Thumb Code     2  startup_tm4c123.o(.text)
    SSI3_Handler                             0x00000309   Thumb Code     2  startup_tm4c123.o(.text)
    UART3_Handler                            0x0000030b   Thumb Code     2  startup_tm4c123.o(.text)
    UART4_Handler                            0x0000030d   Thumb Code     2  startup_tm4c123.o(.text)
    UART5_Handler                            0x0000030f   Thumb Code     2  startup_tm4c123.o(.text)
    UART6_Handler                            0x00000311   Thumb Code     2  startup_tm4c123.o(.text)
    UART7_Handler                            0x00000313   Thumb Code     2  startup_tm4c123.o(.text)
    I2C2_Handler                             0x00000315   Thumb Code     2  startup_tm4c123.o(.text)
    I2C3_Handler                             0x00000317   Thumb Code     2  startup_tm4c123.o(.text)
    TIMER4A_Handler                          0x00000319   Thumb Code     2  startup_tm4c123.o(.text)
    TIMER4B_Handler                          0x0000031b   Thumb Code     2  startup_tm4c123.o(.text)
    TIMER5A_Handler                          0x0000031d   Thumb Code     2  startup_tm4c123.o(.text)
    TIMER5B_Handler                          0x0000031f   Thumb Code     2  startup_tm4c123.o(.text)
    WTIMER0A_Handler                         0x00000321   Thumb Code     2  startup_tm4c123.o(.text)
    WTIMER0B_Handler                         0x00000323   Thumb Code     2  startup_tm4c123.o(.text)
    WTIMER1A_Handler                         0x00000325   Thumb Code     2  startup_tm4c123.o(.text)
    WTIMER1B_Handler                         0x00000327   Thumb Code     2  startup_tm4c123.o(.text)
    WTIMER2A_Handler                         0x00000329   Thumb Code     2  startup_tm4c123.o(.text)
    WTIMER2B_Handler                         0x0000032b   Thumb Code     2  startup_tm4c123.o(.text)
    WTIMER3A_Handler                         0x0000032d   Thumb Code     2  startup_tm4c123.o(.text)
    WTIMER3B_Handler                         0x0000032f   Thumb Code     2  startup_tm4c123.o(.text)
    WTIMER4A_Handler                         0x00000331   Thumb Code     2  startup_tm4c123.o(.text)
    WTIMER4B_Handler                         0x00000333   Thumb Code     2  startup_tm4c123.o(.text)
    WTIMER5A_Handler                         0x00000335   Thumb Code     2  startup_tm4c123.o(.text)
    WTIMER5B_Handler                         0x00000337   Thumb Code     2  startup_tm4c123.o(.text)
    FPU_Handler                              0x00000339   Thumb Code     2  startup_tm4c123.o(.text)
    I2C4_Handler                             0x0000033b   Thumb Code     2  startup_tm4c123.o(.text)
    I2C5_Handler                             0x0000033d   Thumb Code     2  startup_tm4c123.o(.text)
    GPIOM_Handler                            0x0000033f   Thumb Code     2  startup_tm4c123.o(.text)
    GPION_Handler                            0x00000341   Thumb Code     2  startup_tm4c123.o(.text)
    QEI2_Handler                             0x00000343   Thumb Code     2  startup_tm4c123.o(.text)
    GPIOP0_Handler                           0x00000345   Thumb Code     2  startup_tm4c123.o(.text)
    GPIOP1_Handler                           0x00000347   Thumb Code     2  startup_tm4c123.o(.text)
    GPIOP2_Handler                           0x00000349   Thumb Code     2  startup_tm4c123.o(.text)
    GPIOP3_Handler                           0x0000034b   Thumb Code     2  startup_tm4c123.o(.text)
    GPIOP4_Handler                           0x0000034d   Thumb Code     2  startup_tm4c123.o(.text)
    GPIOP5_Handler                           0x0000034f   Thumb Code     2  startup_tm4c123.o(.text)
    GPIOP6_Handler                           0x00000351   Thumb Code     2  startup_tm4c123.o(.text)
    GPIOP7_Handler                           0x00000353   Thumb Code     2  startup_tm4c123.o(.text)
    GPIOQ0_Handler                           0x00000355   Thumb Code     2  startup_tm4c123.o(.text)
    GPIOQ1_Handler                           0x00000357   Thumb Code     2  startup_tm4c123.o(.text)
    GPIOQ2_Handler                           0x00000359   Thumb Code     2  startup_tm4c123.o(.text)
    GPIOQ3_Handler                           0x0000035b   Thumb Code     2  startup_tm4c123.o(.text)
    GPIOQ4_Handler                           0x0000035d   Thumb Code     2  startup_tm4c123.o(.text)
    GPIOQ5_Handler                           0x0000035f   Thumb Code     2  startup_tm4c123.o(.text)
    GPIOQ6_Handler                           0x00000361   Thumb Code     2  startup_tm4c123.o(.text)
    GPIOQ7_Handler                           0x00000363   Thumb Code     2  startup_tm4c123.o(.text)
    GPIOR_Handler                            0x00000365   Thumb Code     2  startup_tm4c123.o(.text)
    GPIOS_Handler                            0x00000367   Thumb Code     2  startup_tm4c123.o(.text)
    PMW1_0_Handler                           0x00000369   Thumb Code     2  startup_tm4c123.o(.text)
    PWM1_1_Handler                           0x0000036b   Thumb Code     2  startup_tm4c123.o(.text)
    PWM1_2_Handler                           0x0000036d   Thumb Code     2  startup_tm4c123.o(.text)
    PWM1_3_Handler                           0x0000036f   Thumb Code     2  startup_tm4c123.o(.text)
    PWM1_FAULT_Handler                       0x00000371   Thumb Code     2  startup_tm4c123.o(.text)
    __rt_ctype_table                         0x0000037d   Thumb Code     4  ctype_o.o(.text)
    isdigit                                  0x00000385   Thumb Code    24  isdigit_o.o(.text)
    isspace                                  0x0000039d   Thumb Code    18  isspace_o.o(.text)
    __aeabi_dadd                             0x000003af   Thumb Code   322  dadd.o(.text)
    __aeabi_dsub                             0x000004f1   Thumb Code     6  dadd.o(.text)
    __aeabi_drsub                            0x000004f7   Thumb Code     6  dadd.o(.text)
    __aeabi_dmul                             0x000004fd   Thumb Code   228  dmul.o(.text)
    __aeabi_ddiv                             0x000005e1   Thumb Code   222  ddiv.o(.text)
    __aeabi_i2d                              0x000006bf   Thumb Code    34  dflti.o(.text)
    __aeabi_d2uiz                            0x000006e1   Thumb Code    50  dfixui.o(.text)
    __aeabi_d2f                              0x00000713   Thumb Code    56  d2f.o(.text)
    __aeabi_uidiv                            0x0000074b   Thumb Code     0  uidiv.o(.text)
    __aeabi_uidivmod                         0x0000074b   Thumb Code    44  uidiv.o(.text)
    __aeabi_uldivmod                         0x00000777   Thumb Code    98  uldiv.o(.text)
    __aeabi_llsl                             0x000007d9   Thumb Code    30  llshl.o(.text)
    _ll_shift_l                              0x000007d9   Thumb Code     0  llshl.o(.text)
    __aeabi_llsr                             0x000007f7   Thumb Code    32  llushr.o(.text)
    _ll_ushift_r                             0x000007f7   Thumb Code     0  llushr.o(.text)
    __aeabi_lasr                             0x00000817   Thumb Code    36  llsshr.o(.text)
    _ll_sshift_r                             0x00000817   Thumb Code     0  llsshr.o(.text)
    __strtod_int                             0x00000873   Thumb Code    90  strtod.o(.text)
    __I$use$fp                               0x000008d9   Thumb Code     0  iusefp.o(.text)
    _float_round                             0x000008d9   Thumb Code    18  fepilogue.o(.text)
    _float_epilogue                          0x000008eb   Thumb Code    92  fepilogue.o(.text)
    _double_round                            0x00000947   Thumb Code    30  depilogue.o(.text)
    _double_epilogue                         0x00000965   Thumb Code   156  depilogue.o(.text)
    __ARM_scalbn                             0x00000a01   Thumb Code    46  dscalb.o(.text)
    scalbn                                   0x00000a01   Thumb Code     0  dscalb.o(.text)
    __aeabi_d2ulz                            0x00000a2f   Thumb Code    48  dfixul.o(.text)
    __aeabi_cdrcmple                         0x00000a61   Thumb Code    48  cdrcmple.o(.text)
    __scatterload                            0x00000a91   Thumb Code    28  init.o(.text)
    __scatterload_rt2                        0x00000a91   Thumb Code     0  init.o(.text)
    _scanf_real                              0x00000bdd   Thumb Code     0  scanf_fp.o(.text)
    _scanf_really_real                       0x00000bdd   Thumb Code   556  scanf_fp.o(.text)
    _sgetc                                   0x00000e15   Thumb Code    30  _sgetc.o(.text)
    _sbackspace                              0x00000e33   Thumb Code    34  _sgetc.o(.text)
    _dsqrt                                   0x00000e55   Thumb Code   162  dsqrt.o(.text)
    __aeabi_ul2d                             0x00000ef7   Thumb Code    24  dfltul.o(.text)
    LCD_ClearScreen                          0x00000f11   Thumb Code    22  lcd.o(i.LCD_ClearScreen)
    LCD_ENPulse                              0x00000f2d   Thumb Code    32  lcd.o(i.LCD_ENPulse)
    LCD_GoTo                                 0x00000f4d   Thumb Code    32  lcd.o(i.LCD_GoTo)
    LCD_WriteCommand                         0x00000f6d   Thumb Code    56  lcd.o(i.LCD_WriteCommand)
    LCD_WriteData                            0x00000fad   Thumb Code    60  lcd.o(i.LCD_WriteData)
    LCD_WriteRamString                       0x00000fed   Thumb Code    22  lcd.o(i.LCD_WriteRamString)
    LCD_init                                 0x00001005   Thumb Code   154  lcd.o(i.LCD_init)
    PLL_Init                                 0x000010b9   Thumb Code   108  pll.o(i.PLL_Init)
    PORTA_Init                               0x00001129   Thumb Code    12  lcd.o(i.PORTA_Init)
    PORTB_Init                               0x0000113d   Thumb Code    12  lcd.o(i.PORTB_Init)
    PortD_Init                               0x00001151   Thumb Code    64  keypad.o(i.PortD_Init)
    PortE_Init                               0x000011a1   Thumb Code    66  keypad.o(i.PortE_Init)
    SysTick_Init                             0x000011f5   Thumb Code    24  pll.o(i.SysTick_Init)
    SysTick_Wait                             0x0000120d   Thumb Code    30  pll.o(i.SysTick_Wait)
    SystemInit                               0x0000122d   Thumb Code    14  system_tm4c123.o(i.SystemInit)
    UART_Init                                0x00001241   Thumb Code   118  uart.o(i.UART_Init)
    UART_OutChar                             0x000012cd   Thumb Code    20  uart.o(i.UART_OutChar)
    __0printf                                0x000012e5   Thumb Code    22  printfa.o(i.__0printf)
    __1printf                                0x000012e5   Thumb Code     0  printfa.o(i.__0printf)
    __2printf                                0x000012e5   Thumb Code     0  printfa.o(i.__0printf)
    __c89printf                              0x000012e5   Thumb Code     0  printfa.o(i.__0printf)
    printf                                   0x000012e5   Thumb Code     0  printfa.o(i.__0printf)
    __0snprintf                              0x00001305   Thumb Code    44  printfa.o(i.__0snprintf)
    __1snprintf                              0x00001305   Thumb Code     0  printfa.o(i.__0snprintf)
    __2snprintf                              0x00001305   Thumb Code     0  printfa.o(i.__0snprintf)
    __c89snprintf                            0x00001305   Thumb Code     0  printfa.o(i.__0snprintf)
    snprintf                                 0x00001305   Thumb Code     0  printfa.o(i.__0snprintf)
    __ARM_fpclassify                         0x00001335   Thumb Code    48  fpclassify.o(i.__ARM_fpclassify)
    __hardfp_atof                            0x00001369   Thumb Code    44  atof.o(i.__hardfp_atof)
    __hardfp_pow                             0x000013a1   Thumb Code  3072  pow.o(i.__hardfp_pow)
    __kernel_poly                            0x00001ff1   Thumb Code   248  poly.o(i.__kernel_poly)
    __mathlib_dbl_divzero                    0x000020e9   Thumb Code    28  dunder.o(i.__mathlib_dbl_divzero)
    __mathlib_dbl_infnan2                    0x00002119   Thumb Code    20  dunder.o(i.__mathlib_dbl_infnan2)
    __mathlib_dbl_invalid                    0x00002131   Thumb Code    24  dunder.o(i.__mathlib_dbl_invalid)
    __mathlib_dbl_overflow                   0x00002151   Thumb Code    24  dunder.o(i.__mathlib_dbl_overflow)
    __mathlib_dbl_underflow                  0x00002171   Thumb Code    24  dunder.o(i.__mathlib_dbl_underflow)
    __read_errno                             0x00002191   Thumb Code     6  errno.o(i.__read_errno)
    __scatterload_copy                       0x0000219d   Thumb Code    14  handlers.o(i.__scatterload_copy)
    __scatterload_null                       0x000021ab   Thumb Code     2  handlers.o(i.__scatterload_null)
    __scatterload_zeroinit                   0x000021ad   Thumb Code    14  handlers.o(i.__scatterload_zeroinit)
    __set_errno                              0x000021bd   Thumb Code     6  errno.o(i.__set_errno)
    _is_digit                                0x0000234d   Thumb Code    14  scanf_fp.o(i._is_digit)
    addToOutputQue                           0x00002aa1   Thumb Code    38  calculation.o(i.addToOutputQue)
    calculate                                0x00002ae1   Thumb Code   342  calculation.o(i.calculate)
    clearAllCalculatorStacks                 0x00002c49   Thumb Code    24  calculation.o(i.clearAllCalculatorStacks)
    clearDoubleConversionStack               0x00002c61   Thumb Code    30  calculation.o(i.clearDoubleConversionStack)
    clearEvaluationStack                     0x00002c89   Thumb Code    38  calculation.o(i.clearEvaluationStack)
    clearInputString                         0x00002cc1   Thumb Code    30  calculation.o(i.clearInputString)
    clearOperatorStack                       0x00002ce9   Thumb Code    30  calculation.o(i.clearOperatorStack)
    clearOutputQue                           0x00002d11   Thumb Code    30  calculation.o(i.clearOutputQue)
    convertInfixToRPN                        0x00002d39   Thumb Code   244  calculation.o(i.convertInfixToRPN)
    decodeKeyPress                           0x00002e3d   Thumb Code   640  keypad.o(i.decodeKeyPress)
    evaluateRPN                              0x000030c5   Thumb Code   206  calculation.o(i.evaluateRPN)
    fabs                                     0x000031a5   Thumb Code    24  fabs.o(i.fabs)
    fputc                                    0x000031bd   Thumb Code    44  uart.o(i.fputc)
    infixInput                               0x000031e9   Thumb Code    36  calculation.o(i.infixInput)
    isEvaluationStackEmpty                   0x00003225   Thumb Code    16  calculation.o(i.isEvaluationStackEmpty)
    isEvaluationStackFull                    0x00003239   Thumb Code    20  calculation.o(i.isEvaluationStackFull)
    isOperator                               0x00003255   Thumb Code    50  calculation.o(i.isOperator)
    isOperatorStackEmpty                     0x00003289   Thumb Code    16  calculation.o(i.isOperatorStackEmpty)
    isOperatorStackFull                      0x0000329d   Thumb Code    20  calculation.o(i.isOperatorStackFull)
    isOutputQueFull                          0x000032b9   Thumb Code    20  calculation.o(i.isOutputQueFull)
    main                                     0x000032d5   Thumb Code    70  main.o(i.main)
    operatorAssociativity                    0x00003335   Thumb Code    44  calculation.o(i.operatorAssociativity)
    operatorPriority                         0x00003361   Thumb Code    62  calculation.o(i.operatorPriority)
    performOperation                         0x000033a1   Thumb Code   182  calculation.o(i.performOperation)
    popEvaluationStack                       0x00003461   Thumb Code    64  calculation.o(i.popEvaluationStack)
    popOperatorStack                         0x000034b9   Thumb Code    40  calculation.o(i.popOperatorStack)
    pushDoubleConversionStack                0x000034f9   Thumb Code    18  calculation.o(i.pushDoubleConversionStack)
    pushEvaluationStack                      0x00003515   Thumb Code    60  calculation.o(i.pushEvaluationStack)
    pushOperatorStack                        0x00003571   Thumb Code    38  calculation.o(i.pushOperatorStack)
    sqrt                                     0x000035b1   Thumb Code   110  sqrt.o(i.sqrt)
    topEvaluationStackValue                  0x00003621   Thumb Code    24  calculation.o(i.topEvaluationStackValue)
    topOperatorStackValue                    0x00003641   Thumb Code    10  calculation.o(i.topOperatorStackValue)
    __ctype_table                            0x000036e0   Data         129  ctype_o.o(.constdata)
    __mathlib_zero                           0x00003768   Data           8  qnan.o(.constdata)
    Region$$Table$$Base                      0x00003770   Number         0  anon$$obj.o(Region$$Table)
    Region$$Table$$Limit                     0x00003790   Number         0  anon$$obj.o(Region$$Table)
    MAXSIZE                                  0x20000000   Data           4  calculation.o(.data)
    topOperator                              0x20000004   Data           4  calculation.o(.data)
    endOfRPNOutputQue                        0x20000008   Data           4  calculation.o(.data)
    endOfInput                               0x2000000c   Data           4  calculation.o(.data)
    topEvaluation                            0x20000010   Data           4  calculation.o(.data)
    topConversion                            0x20000014   Data           4  calculation.o(.data)
    shiftFlag                                0x20000018   Data           4  calculation.o(.data)
    __stdout                                 0x2000001c   Data           4  stdout.o(.data)
    InputString                              0x20000028   Data          16  calculation.o(.bss)
    operatorStack                            0x20000038   Data          16  calculation.o(.bss)
    RPNQue                                   0x20000048   Data          50  calculation.o(.bss)
    doubleConversionStack                    0x2000007a   Data          16  calculation.o(.bss)
    evaluationStack                          0x20000090   Data         128  calculation.o(.bss)
    resultOutputString                       0x20000110   Data          16  calculation.o(.bss)
    __initial_sp                             0x20000320   Data           0  startup_tm4c123.o(STACK)



==============================================================================

Memory Map of the image

  Image Entry point : 0x00000281

  Load Region LR_1 (Base: 0x00000000, Size: 0x000037b4, Max: 0xffffffff, ABSOLUTE)

    Execution Region ER_RO (Exec base: 0x00000000, Load base: 0x00000000, Size: 0x00003790, Max: 0xffffffff, ABSOLUTE)

    Exec Addr    Load Addr    Size         Type   Attr      Idx    E Section Name        Object

    0x00000000   0x00000000   0x0000026c   Data   RO          411    RESET               startup_tm4c123.o
    0x0000026c   0x0000026c   0x00000000   Code   RO          503  * .ARM.Collect$$$$00000000  mc_w.l(entry.o)
    0x0000026c   0x0000026c   0x00000004   Code   RO          848    .ARM.Collect$$$$00000001  mc_w.l(entry2.o)
    0x00000270   0x00000270   0x00000004   Code   RO          851    .ARM.Collect$$$$00000004  mc_w.l(entry5.o)
    0x00000274   0x00000274   0x00000000   Code   RO          853    .ARM.Collect$$$$00000008  mc_w.l(entry7b.o)
    0x00000274   0x00000274   0x00000000   Code   RO          855    .ARM.Collect$$$$0000000A  mc_w.l(entry8b.o)
    0x00000274   0x00000274   0x00000008   Code   RO          856    .ARM.Collect$$$$0000000B  mc_w.l(entry9a.o)
    0x0000027c   0x0000027c   0x00000000   Code   RO          858    .ARM.Collect$$$$0000000D  mc_w.l(entry10a.o)
    0x0000027c   0x0000027c   0x00000000   Code   RO          860    .ARM.Collect$$$$0000000F  mc_w.l(entry11a.o)
    0x0000027c   0x0000027c   0x00000004   Code   RO          849    .ARM.Collect$$$$00002712  mc_w.l(entry2.o)
    0x00000280   0x00000280   0x000000fc   Code   RO          412  * .text               startup_tm4c123.o
    0x0000037c   0x0000037c   0x00000008   Code   RO          508    .text               mc_w.l(ctype_o.o)
    0x00000384   0x00000384   0x00000018   Code   RO          520    .text               mc_w.l(isdigit_o.o)
    0x0000039c   0x0000039c   0x00000012   Code   RO          530    .text               mc_w.l(isspace_o.o)
    0x000003ae   0x000003ae   0x0000014e   Code   RO          797    .text               mf_w.l(dadd.o)
    0x000004fc   0x000004fc   0x000000e4   Code   RO          799    .text               mf_w.l(dmul.o)
    0x000005e0   0x000005e0   0x000000de   Code   RO          801    .text               mf_w.l(ddiv.o)
    0x000006be   0x000006be   0x00000022   Code   RO          803    .text               mf_w.l(dflti.o)
    0x000006e0   0x000006e0   0x00000032   Code   RO          805    .text               mf_w.l(dfixui.o)
    0x00000712   0x00000712   0x00000038   Code   RO          809    .text               mf_w.l(d2f.o)
    0x0000074a   0x0000074a   0x0000002c   Code   RO          863    .text               mc_w.l(uidiv.o)
    0x00000776   0x00000776   0x00000062   Code   RO          865    .text               mc_w.l(uldiv.o)
    0x000007d8   0x000007d8   0x0000001e   Code   RO          867    .text               mc_w.l(llshl.o)
    0x000007f6   0x000007f6   0x00000020   Code   RO          869    .text               mc_w.l(llushr.o)
    0x00000816   0x00000816   0x00000024   Code   RO          871    .text               mc_w.l(llsshr.o)
    0x0000083a   0x0000083a   0x00000002   PAD
    0x0000083c   0x0000083c   0x0000009c   Code   RO          883    .text               mc_w.l(strtod.o)
    0x000008d8   0x000008d8   0x00000000   Code   RO          885    .text               mc_w.l(iusefp.o)
    0x000008d8   0x000008d8   0x0000006e   Code   RO          886    .text               mf_w.l(fepilogue.o)
    0x00000946   0x00000946   0x000000ba   Code   RO          888    .text               mf_w.l(depilogue.o)
    0x00000a00   0x00000a00   0x0000002e   Code   RO          892    .text               mf_w.l(dscalb.o)
    0x00000a2e   0x00000a2e   0x00000030   Code   RO          894    .text               mf_w.l(dfixul.o)
    0x00000a5e   0x00000a5e   0x00000002   PAD
    0x00000a60   0x00000a60   0x00000030   Code   RO          896    .text               mf_w.l(cdrcmple.o)
    0x00000a90   0x00000a90   0x00000024   Code   RO          898    .text               mc_w.l(init.o)
    0x00000ab4   0x00000ab4   0x00000360   Code   RO          902    .text               mc_w.l(scanf_fp.o)
    0x00000e14   0x00000e14   0x00000040   Code   RO          906    .text               mc_w.l(_sgetc.o)
    0x00000e54   0x00000e54   0x000000a2   Code   RO          908    .text               mf_w.l(dsqrt.o)
    0x00000ef6   0x00000ef6   0x00000018   Code   RO          912    .text               mf_w.l(dfltul.o)
    0x00000f0e   0x00000f0e   0x00000002   PAD
    0x00000f10   0x00000f10   0x0000001c   Code   RO            1    i.LCD_ClearScreen   lcd.o
    0x00000f2c   0x00000f2c   0x00000020   Code   RO            2    i.LCD_ENPulse       lcd.o
    0x00000f4c   0x00000f4c   0x00000020   Code   RO            3    i.LCD_GoTo          lcd.o
    0x00000f6c   0x00000f6c   0x00000040   Code   RO            5    i.LCD_WriteCommand  lcd.o
    0x00000fac   0x00000fac   0x00000040   Code   RO            6    i.LCD_WriteData     lcd.o
    0x00000fec   0x00000fec   0x00000016   Code   RO            7    i.LCD_WriteRamString  lcd.o
    0x00001002   0x00001002   0x00000002   PAD
    0x00001004   0x00001004   0x000000b4   Code   RO            8    i.LCD_init          lcd.o
    0x000010b8   0x000010b8   0x00000070   Code   RO           75    i.PLL_Init          pll.o
    0x00001128   0x00001128   0x00000014   Code   RO            9    i.PORTA_Init        lcd.o
    0x0000113c   0x0000113c   0x00000014   Code   RO           10    i.PORTB_Init        lcd.o
    0x00001150   0x00001150   0x00000050   Code   RO          152    i.PortD_Init        keypad.o
    0x000011a0   0x000011a0   0x00000054   Code   RO          153    i.PortE_Init        keypad.o
    0x000011f4   0x000011f4   0x00000018   Code   RO           76    i.SysTick_Init      pll.o
    0x0000120c   0x0000120c   0x0000001e   Code   RO           77    i.SysTick_Wait      pll.o
    0x0000122a   0x0000122a   0x00000002   PAD
    0x0000122c   0x0000122c   0x00000014   Code   RO          421    i.SystemInit        system_tm4c123.o
    0x00001240   0x00001240   0x0000008c   Code   RO          104    i.UART_Init         uart.o
    0x000012cc   0x000012cc   0x00000018   Code   RO          105    i.UART_OutChar      uart.o
    0x000012e4   0x000012e4   0x00000020   Code   RO          769    i.__0printf         mc_w.l(printfa.o)
    0x00001304   0x00001304   0x00000030   Code   RO          770    i.__0snprintf       mc_w.l(printfa.o)
    0x00001334   0x00001334   0x00000030   Code   RO          831    i.__ARM_fpclassify  m_wm.l(fpclassify.o)
    0x00001364   0x00001364   0x00000004   PAD
    0x00001368   0x00001368   0x00000038   Code   RO          483    i.__hardfp_atof     m_wm.l(atof.o)
    0x000013a0   0x000013a0   0x00000c50   Code   RO          489    i.__hardfp_pow      m_wm.l(pow.o)
    0x00001ff0   0x00001ff0   0x000000f8   Code   RO          833    i.__kernel_poly     m_wm.l(poly.o)
    0x000020e8   0x000020e8   0x00000030   Code   RO          811    i.__mathlib_dbl_divzero  m_wm.l(dunder.o)
    0x00002118   0x00002118   0x00000014   Code   RO          813    i.__mathlib_dbl_infnan2  m_wm.l(dunder.o)
    0x0000212c   0x0000212c   0x00000004   PAD
    0x00002130   0x00002130   0x00000020   Code   RO          814    i.__mathlib_dbl_invalid  m_wm.l(dunder.o)
    0x00002150   0x00002150   0x00000020   Code   RO          815    i.__mathlib_dbl_overflow  m_wm.l(dunder.o)
    0x00002170   0x00002170   0x00000020   Code   RO          817    i.__mathlib_dbl_underflow  m_wm.l(dunder.o)
    0x00002190   0x00002190   0x0000000c   Code   RO          877    i.__read_errno      mc_w.l(errno.o)
    0x0000219c   0x0000219c   0x0000000e   Code   RO          916    i.__scatterload_copy  mc_w.l(handlers.o)
    0x000021aa   0x000021aa   0x00000002   Code   RO          917    i.__scatterload_null  mc_w.l(handlers.o)
    0x000021ac   0x000021ac   0x0000000e   Code   RO          918    i.__scatterload_zeroinit  mc_w.l(handlers.o)
    0x000021ba   0x000021ba   0x00000002   PAD
    0x000021bc   0x000021bc   0x0000000c   Code   RO          878    i.__set_errno       mc_w.l(errno.o)
    0x000021c8   0x000021c8   0x00000184   Code   RO          776    i._fp_digits        mc_w.l(printfa.o)
    0x0000234c   0x0000234c   0x0000000e   Code   RO          904    i._is_digit         mc_w.l(scanf_fp.o)
    0x0000235a   0x0000235a   0x00000002   PAD
    0x0000235c   0x0000235c   0x000006dc   Code   RO          777    i._printf_core      mc_w.l(printfa.o)
    0x00002a38   0x00002a38   0x00000024   Code   RO          778    i._printf_post_padding  mc_w.l(printfa.o)
    0x00002a5c   0x00002a5c   0x0000002e   Code   RO          779    i._printf_pre_padding  mc_w.l(printfa.o)
    0x00002a8a   0x00002a8a   0x00000016   Code   RO          780    i._snputc           mc_w.l(printfa.o)
    0x00002aa0   0x00002aa0   0x00000040   Code   RO          216    i.addToOutputQue    calculation.o
    0x00002ae0   0x00002ae0   0x00000168   Code   RO          217    i.calculate         calculation.o
    0x00002c48   0x00002c48   0x00000018   Code   RO          218    i.clearAllCalculatorStacks  calculation.o
    0x00002c60   0x00002c60   0x00000028   Code   RO          219    i.clearDoubleConversionStack  calculation.o
    0x00002c88   0x00002c88   0x00000038   Code   RO          220    i.clearEvaluationStack  calculation.o
    0x00002cc0   0x00002cc0   0x00000028   Code   RO          221    i.clearInputString  calculation.o
    0x00002ce8   0x00002ce8   0x00000028   Code   RO          222    i.clearOperatorStack  calculation.o
    0x00002d10   0x00002d10   0x00000028   Code   RO          223    i.clearOutputQue    calculation.o
    0x00002d38   0x00002d38   0x00000104   Code   RO          224    i.convertInfixToRPN  calculation.o
    0x00002e3c   0x00002e3c   0x00000288   Code   RO          154    i.decodeKeyPress    keypad.o
    0x000030c4   0x000030c4   0x000000e0   Code   RO          225    i.evaluateRPN       calculation.o
    0x000031a4   0x000031a4   0x00000018   Code   RO          827    i.fabs              m_wm.l(fabs.o)
    0x000031bc   0x000031bc   0x0000002c   Code   RO          108    i.fputc             uart.o
    0x000031e8   0x000031e8   0x0000003c   Code   RO          226    i.infixInput        calculation.o
    0x00003224   0x00003224   0x00000014   Code   RO          227    i.isEvaluationStackEmpty  calculation.o
    0x00003238   0x00003238   0x0000001c   Code   RO          228    i.isEvaluationStackFull  calculation.o
    0x00003254   0x00003254   0x00000032   Code   RO          230    i.isOperator        calculation.o
    0x00003286   0x00003286   0x00000002   PAD
    0x00003288   0x00003288   0x00000014   Code   RO          231    i.isOperatorStackEmpty  calculation.o
    0x0000329c   0x0000329c   0x0000001c   Code   RO          232    i.isOperatorStackFull  calculation.o
    0x000032b8   0x000032b8   0x0000001c   Code   RO          234    i.isOutputQueFull   calculation.o
    0x000032d4   0x000032d4   0x00000060   Code   RO          201    i.main              main.o
    0x00003334   0x00003334   0x0000002c   Code   RO          235    i.operatorAssociativity  calculation.o
    0x00003360   0x00003360   0x0000003e   Code   RO          236    i.operatorPriority  calculation.o
    0x0000339e   0x0000339e   0x00000002   PAD
    0x000033a0   0x000033a0   0x000000c0   Code   RO          237    i.performOperation  calculation.o
    0x00003460   0x00003460   0x00000058   Code   RO          238    i.popEvaluationStack  calculation.o
    0x000034b8   0x000034b8   0x00000040   Code   RO          239    i.popOperatorStack  calculation.o
    0x000034f8   0x000034f8   0x0000001c   Code   RO          241    i.pushDoubleConversionStack  calculation.o
    0x00003514   0x00003514   0x0000005c   Code   RO          242    i.pushEvaluationStack  calculation.o
    0x00003570   0x00003570   0x00000040   Code   RO          243    i.pushOperatorStack  calculation.o
    0x000035b0   0x000035b0   0x0000006e   Code   RO          838    i.sqrt              m_wm.l(sqrt.o)
    0x0000361e   0x0000361e   0x00000002   PAD
    0x00003620   0x00003620   0x00000020   Code   RO          244    i.topEvaluationStackValue  calculation.o
    0x00003640   0x00003640   0x00000014   Code   RO          245    i.topOperatorStackValue  calculation.o
    0x00003654   0x00003654   0x00000004   PAD
    0x00003658   0x00003658   0x00000088   Data   RO          492    .constdata          m_wm.l(pow.o)
    0x000036e0   0x000036e0   0x00000081   Data   RO          509    .constdata          mc_w.l(ctype_o.o)
    0x00003761   0x00003761   0x00000003   PAD
    0x00003764   0x00003764   0x00000004   Data   RO          510    .constdata          mc_w.l(ctype_o.o)
    0x00003768   0x00003768   0x00000008   Data   RO          835    .constdata          m_wm.l(qnan.o)
    0x00003770   0x00003770   0x00000020   Data   RO          914    Region$$Table       anon$$obj.o


    Execution Region ER_RW (Exec base: 0x20000000, Load base: 0x00003790, Size: 0x00000024, Max: 0xffffffff, ABSOLUTE)

    Exec Addr    Load Addr    Size         Type   Attr      Idx    E Section Name        Object

    0x20000000   0x00003790   0x0000001c   Data   RW          247    .data               calculation.o
    0x2000001c   0x000037ac   0x00000004   Data   RW          862    .data               mc_w.l(stdout.o)
    0x20000020   0x000037b0   0x00000004   Data   RW          879    .data               mc_w.l(errno.o)


    Execution Region ER_ZI (Exec base: 0x20000024, Load base: 0x000037b4, Size: 0x000002fc, Max: 0xffffffff, ABSOLUTE)

    Exec Addr    Load Addr    Size         Type   Attr      Idx    E Section Name        Object

    0x20000024   0x000037b4   0x00000004   PAD
    0x20000028        -       0x000000f8   Zero   RW          246    .bss                calculation.o
    0x20000120        -       0x00000200   Zero   RW          409    STACK               startup_tm4c123.o


==============================================================================

Image component sizes


      Code (inc. data)   RO Data    RW Data    ZI Data      Debug   Object Name

      2068        336          0         28        248      16642   calculation.o
       812         42          0          0          0       2139   keypad.o
       462         60          0          0          0       5840   lcd.o
        96         26          0          0          0        483   main.o
       166          4          0          0          0       1281   pll.o
       252         10        620          0        512       5432   startup_tm4c123.o
        20          6          0          0          0        473   system_tm4c123.o
       208         26          0          0          0       2715   uart.o

    ----------------------------------------------------------------------
      4096        514        652         28        760      35005   Object Totals
         0          0         32          0          0          0   (incl. Generated)
        12          4          0          0          0          0   (incl. Padding)

    ----------------------------------------------------------------------

      Code (inc. data)   RO Data    RW Data    ZI Data      Debug   Library Member Name

        56         12          0          0          0        132   atof.o
       164         44          0          0          0        620   dunder.o
        24          0          0          0          0        124   fabs.o
        48          0          0          0          0        124   fpclassify.o
       248          0          0          0          0        152   poly.o
      3152        296        136          0          0        352   pow.o
         0          0          8          0          0          0   qnan.o
       110          0          0          0          0        148   sqrt.o
        64          0          0          0          0         84   _sgetc.o
         8          4        133          0          0         68   ctype_o.o
         0          0          0          0          0          0   entry.o
         0          0          0          0          0          0   entry10a.o
         0          0          0          0          0          0   entry11a.o
         8          4          0          0          0          0   entry2.o
         4          0          0          0          0          0   entry5.o
         0          0          0          0          0          0   entry7b.o
         0          0          0          0          0          0   entry8b.o
         8          4          0          0          0          0   entry9a.o
        24         12          0          4          0        136   errno.o
        30          0          0          0          0          0   handlers.o
        36          8          0          0          0         68   init.o
        24          0          0          0          0         76   isdigit_o.o
        18          0          0          0          0         76   isspace_o.o
         0          0          0          0          0          0   iusefp.o
        30          0          0          0          0         68   llshl.o
        36          0          0          0          0         68   llsshr.o
        32          0          0          0          0         68   llushr.o
      2328         94          0          0          0        604   printfa.o
       878         12          0          0          0        216   scanf_fp.o
         0          0          0          4          0          0   stdout.o
       156         12          0          0          0        120   strtod.o
        44          0          0          0          0         80   uidiv.o
        98          0          0          0          0         92   uldiv.o
        48          0          0          0          0         68   cdrcmple.o
        56          0          0          0          0         88   d2f.o
       334          0          0          0          0        148   dadd.o
       222          0          0          0          0        100   ddiv.o
       186          0          0          0          0        176   depilogue.o
        50          0          0          0          0         76   dfixui.o
        48          0          0          0          0         68   dfixul.o
        34          0          0          0          0         76   dflti.o
        24          0          0          0          0         76   dfltul.o
       228          0          0          0          0         96   dmul.o
        46          0          0          0          0         80   dscalb.o
       162          0          0          0          0        100   dsqrt.o
       110          0          0          0          0        168   fepilogue.o

    ----------------------------------------------------------------------
      9196        502        280          8          4       4796   Library Totals
        20          0          3          0          4          0   (incl. Padding)

    ----------------------------------------------------------------------

      Code (inc. data)   RO Data    RW Data    ZI Data      Debug   Library Name

      3802        352        144          0          0       1652   m_wm.l
      3826        150        133          8          0       1824   mc_w.l
      1548          0          0          0          0       1320   mf_w.l

    ----------------------------------------------------------------------
      9196        502        280          8          4       4796   Library Totals

    ----------------------------------------------------------------------

==============================================================================


      Code (inc. data)   RO Data    RW Data    ZI Data      Debug   

     13292       1016        932         36        764      33441   Grand Totals
     13292       1016        932         36        764      33441   ELF Image Totals
     13292       1016        932         36          0          0   ROM Totals

==============================================================================

    Total RO  Size (Code + RO Data)                14224 (  13.89kB)
    Total RW  Size (RW Data + ZI Data)               800 (   0.78kB)
    Total ROM Size (Code + RO Data + RW Data)      14260 (  13.93kB)

==============================================================================

